mode: set
tech-internal/internal/crypto/aesgcm.go:17.2,17.15 1 1
tech-internal/internal/crypto/aesgcm.go:18.3,19.1 1 1
tech-internal/internal/crypto/aesgcm.go:20.2,20.65 1 1
tech-internal/internal/crypto/aesgcm.go:21.3,22.1 1 1
tech-internal/internal/crypto/aesgcm.go:23.2,23.80 1 1
tech-internal/internal/crypto/aesgcm.go:24.3,25.1 1 1
tech-internal/internal/crypto/aesgcm.go:26.2,27.15 2 1
tech-internal/internal/crypto/aesgcm.go:31.2,32.1 1 1
tech-internal/internal/crypto/aesgcm.go:35.2,36.16 2 1
tech-internal/internal/crypto/aesgcm.go:37.3,38.1 1 1
tech-internal/internal/crypto/aesgcm.go:39.2,40.16 2 1
tech-internal/internal/crypto/aesgcm.go:41.3,42.1 1 0
tech-internal/internal/crypto/aesgcm.go:44.2,45.44 2 1
tech-internal/internal/crypto/aesgcm.go:46.3,47.1 1 0
tech-internal/internal/crypto/aesgcm.go:49.2,50.67 2 1
tech-internal/internal/crypto/aesgcm.go:54.2,54.22 1 1
tech-internal/internal/crypto/aesgcm.go:55.3,56.1 1 1
tech-internal/internal/crypto/aesgcm.go:58.2,59.16 2 1
tech-internal/internal/crypto/aesgcm.go:60.3,61.1 1 1
tech-internal/internal/crypto/aesgcm.go:63.2,64.16 2 1
tech-internal/internal/crypto/aesgcm.go:65.3,66.1 1 1
tech-internal/internal/crypto/aesgcm.go:67.2,68.16 2 1
tech-internal/internal/crypto/aesgcm.go:69.3,70.1 1 0
tech-internal/internal/crypto/aesgcm.go:71.2,71.32 1 1
tech-internal/internal/crypto/aesgcm.go:72.3,73.1 1 1
tech-internal/internal/crypto/aesgcm.go:75.2,77.16 3 1
tech-internal/internal/crypto/aesgcm.go:78.3,79.1 1 1
tech-internal/internal/crypto/aesgcm.go:80.2,80.27 1 1
tech-internal/internal/config/config.go:36.2,37.22 2 1
tech-internal/internal/config/config.go:38.3,39.1 1 1
tech-internal/internal/config/config.go:40.2,40.22 1 1
tech-internal/internal/config/config.go:41.3,42.1 1 1
tech-internal/internal/config/config.go:43.2,44.23 2 1
tech-internal/internal/config/config.go:45.3,46.1 1 1
tech-internal/internal/config/config.go:47.2,54.19 8 1
tech-internal/internal/config/config.go:55.3,56.1 1 1
tech-internal/internal/config/config.go:57.2,57.41 1 1
tech-internal/internal/config/config.go:58.3,59.1 1 1
tech-internal/internal/config/config.go:60.2,60.24 1 1
tech-internal/internal/config/config.go:61.3,62.1 1 1
tech-internal/internal/config/config.go:63.2,63.54 1 1
tech-internal/internal/config/config.go:64.3,65.1 1 1
tech-internal/internal/config/config.go:66.2,66.24 1 1
tech-internal/internal/config/config.go:67.3,68.1 1 1
tech-internal/internal/config/config.go:69.2,69.24 1 1
tech-internal/internal/config/config.go:70.3,71.1 1 1
tech-internal/internal/config/config.go:73.2,94.1 1 1
tech-internal/internal/config/config.go:98.2,100.26 3 1
tech-internal/internal/config/config.go:101.3,102.14 2 1
tech-internal/internal/config/config.go:103.4,104.1 1 1
tech-internal/internal/config/config.go:106.2,106.23 1 1
tech-internal/internal/config/config.go:107.3,108.1 1 1
tech-internal/internal/config/config.go:109.2,109.16 1 1
tech-internal/internal/config/config.go:113.2,113.34 1 1
tech-internal/internal/config/config.go:114.3,115.1 1 1
tech-internal/internal/config/config.go:116.2,116.17 1 1
tech-internal/internal/auth/auth.go:35.2,36.43 2 1
tech-internal/internal/auth/auth.go:37.3,38.1 1 0
tech-internal/internal/auth/auth.go:40.2,41.40 2 1
tech-internal/internal/auth/auth.go:45.2,45.50 1 1
tech-internal/internal/auth/auth.go:46.3,47.1 1 1
tech-internal/internal/auth/auth.go:48.2,49.16 2 1
tech-internal/internal/auth/auth.go:50.3,51.1 1 1
tech-internal/internal/auth/auth.go:53.2,54.34 2 1
tech-internal/internal/auth/auth.go:55.3,56.1 1 0
tech-internal/internal/auth/auth.go:57.2,57.58 1 1
tech-internal/internal/auth/auth.go:61.2,61.57 1 1
tech-internal/internal/auth/auth.go:62.3,63.1 1 1
tech-internal/internal/auth/auth.go:64.2,64.31 1 1
tech-internal/internal/auth/auth.go:68.2,69.43 2 1
tech-internal/internal/auth/auth.go:70.3,71.1 1 0
tech-internal/internal/auth/auth.go:72.2,75.52 2 1
tech-internal/internal/auth/auth.go:79.2,80.21 2 1
tech-internal/internal/auth/auth.go:81.3,82.1 1 1
tech-internal/internal/auth/auth.go:83.2,84.16 2 1
tech-internal/internal/auth/auth.go:85.3,86.1 1 1
tech-internal/internal/auth/auth.go:87.2,88.16 2 1
tech-internal/internal/auth/auth.go:89.3,90.1 1 1
tech-internal/internal/auth/auth.go:91.2,92.58 2 1
tech-internal/internal/auth/auth.go:96.2,97.1 1 1
tech-internal/internal/auth/auth.go:100.2,101.16 2 1
tech-internal/internal/auth/auth.go:102.3,103.1 1 0
tech-internal/internal/auth/auth.go:104.2,104.34 1 1
tech-internal/internal/auth/auth.go:108.2,109.16 2 1
tech-internal/internal/auth/auth.go:110.3,111.1 1 0
tech-internal/internal/auth/auth.go:112.2,112.34 1 1
tech-internal/internal/auth/auth.go:118.2,119.1 1 1
tech-internal/internal/auth/auth.go:122.2,123.1 1 1
tech-internal/internal/auth/auth.go:126.2,127.16 2 1
tech-internal/internal/auth/auth.go:128.3,129.1 1 1
tech-internal/internal/auth/auth.go:130.2,130.36 1 1
tech-internal/internal/auth/auth.go:134.2,135.1 1 1
tech-internal/internal/auth/auth.go:138.2,139.16 2 1
tech-internal/internal/auth/auth.go:140.3,141.1 1 0
tech-internal/internal/auth/auth.go:142.2,142.44 1 1
tech-internal/internal/auth/auth.go:146.2,150.1 3 1
tech-internal/internal/auth/auth.go:153.2,154.47 2 1
tech-internal/internal/auth/auth.go:155.3,156.1 1 1
tech-internal/internal/auth/auth.go:158.2,159.65 2 1
tech-internal/internal/auth/auth.go:160.3,161.1 1 1
tech-internal/internal/auth/auth.go:162.2,162.31 1 1
tech-internal/internal/auth/auth.go:163.3,164.1 1 1
tech-internal/internal/auth/auth.go:166.2,167.100 2 1
tech-internal/internal/auth/auth.go:168.3,169.1 1 1
tech-internal/internal/auth/auth.go:170.2,170.75 1 1
tech-internal/internal/auth/auth.go:171.3,172.1 1 1
tech-internal/internal/auth/auth.go:174.2,175.16 2 1
tech-internal/internal/auth/auth.go:176.3,177.1 1 1
tech-internal/internal/auth/auth.go:178.2,179.16 2 1
tech-internal/internal/auth/auth.go:180.3,181.1 1 1
tech-internal/internal/auth/auth.go:183.2,183.98 1 1
tech-internal/internal/auth/auth.go:203.2,207.1 1 1
tech-internal/internal/auth/auth.go:211.2,214.1 3 1
tech-internal/internal/auth/auth.go:217.2,219.1 2 1
tech-internal/internal/auth/auth.go:222.2,223.16 2 1
tech-internal/internal/auth/auth.go:224.3,225.1 1 0
tech-internal/internal/auth/auth.go:226.2,226.46 1 1
tech-internal/internal/auth/auth.go:230.2,230.20 1 1
tech-internal/internal/auth/auth.go:231.3,232.1 1 1
tech-internal/internal/auth/auth.go:233.2,238.1 7 1
tech-internal/internal/auth/auth.go:239.2,240.16 7 1
tech-internal/internal/auth/auth.go:241.3,242.1 1 0
tech-internal/internal/auth/auth.go:243.2,244.16 2 1
tech-internal/internal/auth/auth.go:245.3,246.1 1 0
tech-internal/internal/auth/auth.go:248.2,256.8 1 1
tech-internal/internal/auth/auth.go:260.2,280.1 3 1
tech-internal/internal/auth/auth.go:281.2,283.1 3 1
tech-internal/internal/auth/auth.go:286.2,287.16 2 1
tech-internal/internal/auth/auth.go:288.3,289.1 1 1
tech-internal/internal/auth/auth.go:290.2,290.27 1 1
tech-internal/internal/auth/auth.go:294.2,295.16 2 1
tech-internal/internal/auth/auth.go:296.3,297.1 1 1
tech-internal/internal/auth/auth.go:298.2,298.65 1 1
tech-internal/internal/auth/auth.go:299.3,300.1 1 1
tech-internal/internal/auth/auth.go:301.2,301.27 1 1
tech-internal/internal/auth/auth.go:304.53,304.76 1 1
tech-internal/internal/auth/auth.go:305.53,305.77 1 1
tech-internal/internal/auth/auth.go:308.2,325.1 1 1
tech-internal/internal/otp/store.go:28.2,29.1 1 1
tech-internal/internal/otp/store.go:32.2,33.1 1 1
tech-internal/internal/otp/store.go:36.2,37.1 1 1
tech-internal/internal/otp/store.go:41.2,42.16 2 1
tech-internal/internal/otp/store.go:43.3,43.32 1 1
tech-internal/internal/otp/store.go:44.4,45.1 1 1
tech-internal/internal/otp/store.go:46.3,46.13 1 1
tech-internal/internal/otp/store.go:49.2,50.16 2 1
tech-internal/internal/otp/store.go:51.3,52.1 1 0
tech-internal/internal/otp/store.go:53.2,53.68 1 1
tech-internal/internal/otp/store.go:54.3,55.1 1 1
tech-internal/internal/otp/store.go:56.2,56.12 1 1
tech-internal/internal/id/id.go:11.2,12.16 2 1
tech-internal/internal/id/id.go:13.3,14.1 1 0
tech-internal/internal/id/id.go:15.2,15.28 1 1
tech-internal/internal/fmtlog/fmtlog.go:25.2,25.19 1 1
tech-internal/internal/fmtlog/fmtlog.go:26.3,27.1 1 1
tech-internal/internal/fmtlog/fmtlog.go:28.2,28.15 1 1
tech-internal/internal/fmtlog/fmtlog.go:29.3,30.1 1 1
tech-internal/internal/fmtlog/fmtlog.go:31.2,31.46 1 1
tech-internal/internal/fmtlog/fmtlog.go:35.2,35.16 1 1
tech-internal/internal/fmtlog/fmtlog.go:36.3,37.1 1 1
tech-internal/internal/fmtlog/fmtlog.go:38.2,38.54 1 1
tech-internal/internal/fmtlog/fmtlog.go:42.2,43.1 1 1
tech-internal/internal/fmtlog/fmtlog.go:45.53,45.97 1 1
tech-internal/internal/fmtlog/fmtlog.go:46.53,46.97 1 1
tech-internal/internal/fmtlog/fmtlog.go:47.53,47.98 1 1
tech-internal/internal/fmtlog/fmtlog.go:50.2,52.1 2 0
tech-internal/internal/fmtlog/fmtlog.go:55.2,63.1 2 1
tech-internal/internal/fmtlog/fmtlog.go:64.2,64.27 2 1
tech-internal/internal/fmtlog/fmtlog.go:65.3,65.15 1 1
tech-internal/internal/fmtlog/fmtlog.go:66.4,66.12 1 1
tech-internal/internal/fmtlog/fmtlog.go:68.3,68.41 1 1
tech-internal/internal/fmtlog/fmtlog.go:69.4,69.12 1 1
tech-internal/internal/fmtlog/fmtlog.go:71.3,71.14 1 1
tech-internal/internal/fmtlog/fmtlog.go:74.2,75.16 2 1
tech-internal/internal/fmtlog/fmtlog.go:76.3,77.1 1 1
tech-internal/internal/fmtlog/fmtlog.go:78.2,79.1 4 1
tech-internal/internal/fmtlog/fmtlog.go:80.2,82.15 4 1
tech-internal/internal/fmtlog/fmtlog.go:86.2,87.45 2 1
tech-internal/internal/fmtlog/fmtlog.go:88.3,89.1 1 0
tech-internal/internal/fmtlog/fmtlog.go:90.2,90.35 1 1
tech-internal/pkg/portalauth/ginmw/gin.go:16.2,16.30 1 1
tech-internal/pkg/portalauth/ginmw/gin.go:17.3,18.17 2 1
tech-internal/pkg/portalauth/ginmw/gin.go:19.4,21.1 2 1
tech-internal/pkg/portalauth/ginmw/gin.go:22.3,24.11 3 1
tech-internal/pkg/portalauth/ginmw/gin.go:30.2,30.30 1 1
tech-internal/pkg/portalauth/ginmw/gin.go:31.3,32.10 2 1
tech-internal/pkg/portalauth/ginmw/gin.go:33.4,35.1 2 1
tech-internal/pkg/portalauth/ginmw/gin.go:36.3,36.64 1 1
tech-internal/pkg/portalauth/ginmw/gin.go:37.4,39.1 2 1
tech-internal/pkg/portalauth/ginmw/gin.go:40.3,40.11 1 1
tech-internal/pkg/portalauth/ginmw/gin.go:46.2,47.9 2 1
tech-internal/pkg/portalauth/ginmw/gin.go:48.3,49.1 1 1
tech-internal/pkg/portalauth/ginmw/gin.go:50.2,51.36 2 1
tech-internal/pkg/portalauth/ginmw/gin.go:55.2,57.9 3 1
tech-internal/pkg/portalauth/ginmw/gin.go:59.3,60.39 2 1
tech-internal/pkg/portalauth/ginmw/gin.go:62.3,63.35 2 1
tech-internal/pkg/portalauth/ginmw/gin.go:65.2,65.52 1 1
tech-internal/pkg/portalauth/authenticate.go:24.2,25.16 2 1
tech-internal/pkg/portalauth/authenticate.go:26.3,27.1 1 1
tech-internal/pkg/portalauth/authenticate.go:28.2,28.82 1 1
tech-internal/pkg/portalauth/authenticate.go:29.3,30.1 1 1
tech-internal/pkg/portalauth/authenticate.go:31.2,31.20 1 1
tech-internal/pkg/portalauth/authenticate.go:37.2,37.22 1 1
tech-internal/pkg/portalauth/authenticate.go:38.3,39.1 1 1
tech-internal/pkg/portalauth/authenticate.go:40.2,41.23 2 1
tech-internal/pkg/portalauth/authenticate.go:42.3,43.1 1 1
tech-internal/pkg/portalauth/authenticate.go:45.2,50.1 2 1
tech-internal/pkg/portalauth/authenticate.go:51.2,51.82 2 1
tech-internal/pkg/portalauth/authenticate.go:52.3,52.41 1 1
tech-internal/pkg/portalauth/authenticate.go:53.4,54.1 1 0
tech-internal/pkg/portalauth/authenticate.go:55.3,55.21 1 1
tech-internal/pkg/portalauth/authenticate.go:57.2,57.16 1 1
tech-internal/pkg/portalauth/authenticate.go:58.3,58.42 1 1
tech-internal/pkg/portalauth/authenticate.go:59.4,60.1 1 1
tech-internal/pkg/portalauth/authenticate.go:61.3,61.65 1 1
tech-internal/pkg/portalauth/authenticate.go:63.2,63.18 1 1
tech-internal/pkg/portalauth/authenticate.go:64.3,65.1 1 0
tech-internal/pkg/portalauth/authenticate.go:67.2,68.9 2 1
tech-internal/pkg/portalauth/authenticate.go:69.3,70.1 1 0
tech-internal/pkg/portalauth/authenticate.go:72.2,73.25 2 1
tech-internal/pkg/portalauth/authenticate.go:74.3,75.1 1 0
tech-internal/pkg/portalauth/authenticate.go:76.2,76.20 1 1
tech-internal/pkg/portalauth/authenticate.go:81.2,82.18 2 1
tech-internal/pkg/portalauth/authenticate.go:83.3,84.1 1 1
tech-internal/pkg/portalauth/authenticate.go:85.2,86.100 2 1
tech-internal/pkg/portalauth/authenticate.go:87.3,88.1 1 1
tech-internal/pkg/portalauth/authenticate.go:89.2,89.41 1 1
tech-internal/pkg/portalauth/authenticate.go:94.2,95.16 2 1
tech-internal/pkg/portalauth/authenticate.go:96.3,97.1 1 1
tech-internal/pkg/portalauth/authenticate.go:98.2,98.34 1 1
tech-internal/pkg/portalauth/authenticate.go:102.2,120.1 2 1
tech-internal/pkg/portalauth/authenticate.go:121.2,121.38 2 1
tech-internal/pkg/portalauth/authenticate.go:122.3,123.1 1 1
tech-internal/pkg/portalauth/authenticate.go:124.2,124.38 1 1
tech-internal/pkg/portalauth/authenticate.go:125.3,126.1 1 1
tech-internal/pkg/portalauth/authenticate.go:127.2,127.10 1 1
tech-internal/pkg/portalauth/authenticate.go:131.2,132.21 2 1
tech-internal/pkg/portalauth/authenticate.go:133.3,134.1 1 1
tech-internal/pkg/portalauth/authenticate.go:135.2,135.23 1 1
tech-internal/pkg/portalauth/authenticate.go:137.3,137.11 1 1
tech-internal/pkg/portalauth/authenticate.go:139.3,139.23 1 1
tech-internal/pkg/portalauth/authenticate.go:144.2,145.21 2 1
tech-internal/pkg/portalauth/authenticate.go:146.3,147.1 1 1
tech-internal/pkg/portalauth/authenticate.go:148.2,148.23 1 1
tech-internal/pkg/portalauth/authenticate.go:150.3,150.11 1 1
tech-internal/pkg/portalauth/authenticate.go:152.3,153.26 2 1
tech-internal/pkg/portalauth/authenticate.go:154.4,155.15 2 1
tech-internal/pkg/portalauth/authenticate.go:156.5,157.1 1 1
tech-internal/pkg/portalauth/authenticate.go:159.3,159.13 1 1
tech-internal/pkg/portalauth/authenticate.go:161.3,161.14 1 1
tech-internal/pkg/portalauth/authenticate.go:162.4,163.1 1 1
tech-internal/pkg/portalauth/authenticate.go:164.3,164.31 1 1
tech-internal/pkg/portalauth/authenticate.go:166.3,166.13 1 1
tech-internal/pkg/portalauth/authenticate.go:171.2,172.21 2 1
tech-internal/pkg/portalauth/authenticate.go:173.3,174.1 1 1
tech-internal/pkg/portalauth/authenticate.go:175.2,175.23 1 1
tech-internal/pkg/portalauth/authenticate.go:177.3,177.24 1 1
tech-internal/pkg/portalauth/authenticate.go:179.3,179.17 1 1
tech-internal/pkg/portalauth/authenticate.go:181.3,182.23 2 1
tech-internal/pkg/portalauth/authenticate.go:184.3,184.18 1 1
tech-internal/pkg/portalauth/authorize.go:14.2,14.19 1 1
tech-internal/pkg/portalauth/authorize.go:15.3,16.1 1 0
tech-internal/pkg/portalauth/authorize.go:17.2,17.29 1 1
tech-internal/pkg/portalauth/authorize.go:18.3,18.18 1 1
tech-internal/pkg/portalauth/authorize.go:19.4,19.12 1 0
tech-internal/pkg/portalauth/authorize.go:21.3,21.38 1 1
tech-internal/pkg/portalauth/authorize.go:22.4,23.1 1 1
tech-internal/pkg/portalauth/authorize.go:25.2,25.12 1 1
tech-internal/pkg/portalauth/authorize.go:30.2,31.31 2 1
tech-internal/pkg/portalauth/authorize.go:32.3,32.31 1 1
tech-internal/pkg/portalauth/authorize.go:33.4,33.23 1 1
tech-internal/pkg/portalauth/authorize.go:34.5,35.1 1 1
tech-internal/pkg/portalauth/authorize.go:37.3,37.75 1 1
tech-internal/pkg/portalauth/authorize.go:43.2,44.31 2 1
tech-internal/pkg/portalauth/authorize.go:45.3,45.32 1 1
tech-internal/pkg/portalauth/authorize.go:46.4,46.26 1 1
tech-internal/pkg/portalauth/authorize.go:47.5,48.1 1 1
tech-internal/pkg/portalauth/authorize.go:50.3,50.13 1 1
tech-internal/pkg/portalauth/authorize.go:56.2,57.31 2 1
tech-internal/pkg/portalauth/authorize.go:58.3,58.32 1 1
tech-internal/pkg/portalauth/authorize.go:59.4,59.25 1 1
tech-internal/pkg/portalauth/authorize.go:60.5,61.1 1 1
tech-internal/pkg/portalauth/authorize.go:63.3,63.73 1 1
tech-internal/pkg/portalauth/authorize.go:70.2,71.1 1 1
tech-internal/pkg/portalauth/authorize.go:75.2,76.31 2 1
tech-internal/pkg/portalauth/authorize.go:77.3,77.77 1 1
tech-internal/pkg/portalauth/authorize.go:78.4,79.1 1 1
tech-internal/pkg/portalauth/authorize.go:80.3,80.102 1 1
tech-internal/pkg/portalauth/authorize.go:86.2,87.31 2 1
tech-internal/pkg/portalauth/authorize.go:88.3,88.42 1 1
tech-internal/pkg/portalauth/authorize.go:89.4,90.1 1 1
tech-internal/pkg/portalauth/authorize.go:91.3,91.86 1 1
tech-internal/pkg/portalauth/authorize.go:97.2,98.31 2 1
tech-internal/pkg/portalauth/authorize.go:99.3,99.61 1 1
tech-internal/pkg/portalauth/authorize.go:100.4,101.1 1 1
tech-internal/pkg/portalauth/authorize.go:102.3,102.87 1 0
tech-internal/pkg/portalauth/authorize.go:107.2,108.23 2 1
tech-internal/pkg/portalauth/authorize.go:109.3,110.14 2 1
tech-internal/pkg/portalauth/authorize.go:111.4,112.1 1 1
tech-internal/pkg/portalauth/authorize.go:114.2,114.12 1 1
tech-internal/pkg/portalauth/claims.go:46.2,49.1 1 1
tech-internal/pkg/portalauth/claims.go:53.2,53.50 1 1
tech-internal/pkg/portalauth/claims.go:55.3,63.1 1 1
tech-internal/pkg/portalauth/claims.go:65.3,68.1 1 1
tech-internal/pkg/portalauth/claims.go:74.2,74.14 1 1
tech-internal/pkg/portalauth/claims.go:75.3,76.1 1 1
tech-internal/pkg/portalauth/claims.go:77.2,77.23 1 1
tech-internal/pkg/portalauth/claims.go:78.3,79.1 1 1
tech-internal/pkg/portalauth/claims.go:80.2,80.28 1 1
tech-internal/pkg/portalauth/claims.go:81.3,82.1 1 1
tech-internal/pkg/portalauth/claims.go:83.2,83.30 1 1
tech-internal/pkg/portalauth/claims.go:87.2,87.14 1 1
tech-internal/pkg/portalauth/claims.go:88.3,89.1 1 1
tech-internal/pkg/portalauth/claims.go:90.2,90.40 1 1
tech-internal/pkg/portalauth/claims.go:94.2,94.28 1 1
tech-internal/pkg/portalauth/claims.go:95.3,96.1 1 1
tech-internal/pkg/portalauth/claims.go:97.2,97.43 1 1
tech-internal/pkg/portalauth/claims.go:98.3,98.30 1 1
tech-internal/pkg/portalauth/claims.go:99.4,100.1 1 1
tech-internal/pkg/portalauth/claims.go:102.2,102.14 1 1
tech-internal/pkg/portalauth/claims.go:106.2,108.36 3 1
tech-internal/pkg/portalauth/claims.go:109.3,110.1 1 1
tech-internal/pkg/portalauth/claims.go:111.2,111.44 1 1
tech-internal/pkg/portalauth/claims.go:115.2,117.30 3 1
tech-internal/pkg/portalauth/claims.go:118.3,119.1 1 1
tech-internal/pkg/portalauth/claims.go:120.2,120.50 1 1
tech-internal/pkg/portalauth/claims.go:121.3,122.1 1 1
tech-internal/pkg/portalauth/claims.go:123.2,125.18 3 1
tech-internal/pkg/portalauth/claims.go:126.3,127.1 1 1
tech-internal/pkg/portalauth/claims.go:128.2,130.23 3 1
tech-internal/pkg/portalauth/claims.go:134.2,135.29 2 1
tech-internal/pkg/portalauth/claims.go:136.3,137.1 1 1
tech-internal/pkg/portalauth/claims.go:138.2,138.29 1 1
tech-internal/pkg/portalauth/http.go:13.2,15.1 2 1
tech-internal/pkg/portalauth/http.go:18.2,19.1 1 1
tech-internal/pkg/portalauth/http.go:23.2,24.1 1 1
tech-internal/pkg/portalauth/http.go:27.2,27.9 1 1
tech-internal/pkg/portalauth/http.go:29.3,29.54 1 1
tech-internal/pkg/portalauth/http.go:31.3,31.51 1 1
tech-internal/pkg/portalauth/http.go:37.2,37.46 1 1
tech-internal/pkg/portalauth/http.go:38.3,38.72 1 1
tech-internal/pkg/portalauth/http.go:39.4,40.18 2 1
tech-internal/pkg/portalauth/http.go:41.5,43.1 2 1
tech-internal/pkg/portalauth/http.go:44.4,44.69 1 1
tech-internal/pkg/portalauth/http.go:51.2,51.46 1 1
tech-internal/pkg/portalauth/http.go:52.3,52.72 1 1
tech-internal/pkg/portalauth/http.go:53.4,54.11 2 1
tech-internal/pkg/portalauth/http.go:55.5,57.1 2 1
tech-internal/pkg/portalauth/http.go:58.4,58.54 1 1
tech-internal/pkg/portalauth/http.go:59.5,61.1 2 1
tech-internal/pkg/portalauth/http.go:62.4,62.24 1 1
tech-internal/pkg/portalauth/http.go:69.2,70.20 2 1
tech-internal/pkg/portalauth/http.go:71.3,72.1 1 1
tech-internal/pkg/portalauth/http.go:73.2,73.42 1 1
tech-internal/internal/metrics/clients.go:75.2,77.1 2 1
tech-internal/internal/metrics/clients.go:85.2,86.1 1 1
tech-internal/internal/metrics/clients.go:89.2,89.61 1 1
tech-internal/internal/metrics/clients.go:90.3,91.1 1 1
tech-internal/internal/metrics/clients.go:96.2,99.1 3 1
tech-internal/internal/metrics/clients.go:112.2,117.1 5 1
tech-internal/internal/metrics/clients.go:120.2,123.17 4 1
tech-internal/internal/metrics/clients.go:124.3,125.1 1 1
tech-internal/internal/metrics/clients.go:127.2,133.1 2 1
tech-internal/internal/metrics/clients.go:134.3,135.1 1 1
tech-internal/internal/metrics/clients.go:136.2,139.121 4 1
tech-internal/internal/metrics/clients.go:144.2,148.1 4 1
tech-internal/internal/metrics/clients.go:152.2,153.1 1 1
tech-internal/internal/metrics/clients.go:161.2,164.19 4 1
tech-internal/internal/metrics/clients.go:165.3,166.1 1 1
tech-internal/internal/metrics/clients.go:167.2,167.27 1 1
tech-internal/internal/metrics/clients.go:173.2,174.1 1 1
tech-internal/internal/metrics/clients.go:177.2,177.58 1 1
tech-internal/internal/metrics/clients.go:178.3,182.1 4 1
tech-internal/internal/metrics/clients.go:186.2,186.61 1 1
tech-internal/internal/metrics/clients.go:187.3,191.1 4 1
tech-internal/internal/metrics/clients.go:195.2,195.31 1 1
tech-internal/internal/metrics/clients.go:197.3,197.31 1 1
tech-internal/internal/metrics/clients.go:199.3,199.17 1 1
tech-internal/internal/metrics/http.go:43.2,43.30 1 1
tech-internal/internal/metrics/http.go:44.3,44.39 1 1
tech-internal/internal/metrics/http.go:45.4,47.1 2 0
tech-internal/internal/metrics/http.go:49.3,51.1 4 1
tech-internal/internal/metrics/http.go:52.3,53.18 4 1
tech-internal/internal/metrics/http.go:54.4,55.1 1 0
tech-internal/internal/metrics/http.go:56.3,62.1 4 1
tech-internal/internal/metrics/http.go:63.3,64.86 4 1
tech-internal/internal/metrics/http.go:70.2,71.1 1 1
tech-internal/internal/metrics/http.go:74.2,75.1 1 1
tech-internal/internal/metrics/http.go:78.2,78.9 1 1
tech-internal/internal/metrics/http.go:80.3,80.16 1 1
tech-internal/internal/metrics/http.go:82.3,82.22 1 1
tech-internal/internal/metrics/http.go:84.3,84.24 1 1
tech-internal/internal/metrics/http.go:86.3,86.21 1 1
tech-internal/internal/metrics/http.go:88.3,88.21 1 1
tech-internal/internal/metrics/http.go:90.3,90.20 1 1
tech-internal/internal/metrics/http.go:92.3,92.22 1 1
tech-internal/internal/metrics/http.go:96.3,96.20 1 1
tech-internal/internal/metrics/http.go:98.3,98.20 1 1
tech-internal/internal/metrics/http.go:100.3,100.17 1 1
tech-internal/internal/database/database.go:24.2,25.16 2 1
tech-internal/internal/database/database.go:26.3,27.1 1 1
tech-internal/internal/database/database.go:29.2,35.1 8 1
tech-internal/internal/database/database.go:36.2,37.16 8 1
tech-internal/internal/database/database.go:38.3,39.1 1 1
tech-internal/internal/database/database.go:41.2,41.39 1 0
tech-internal/internal/database/database.go:42.3,44.1 2 0
tech-internal/internal/database/database.go:46.2,47.18 2 0
tech-internal/internal/database/database.go:51.2,52.16 2 1
tech-internal/internal/database/database.go:53.3,54.1 1 1
tech-internal/internal/database/database.go:56.2,58.1 5 1
tech-internal/internal/database/database.go:59.2,61.60 5 1
tech-internal/internal/database/database.go:62.3,64.1 2 0
tech-internal/internal/database/database.go:65.2,65.47 1 1
tech-internal/internal/database/database.go:66.3,68.1 2 1
tech-internal/internal/database/database.go:69.2,69.20 1 1
tech-internal/internal/database/database.go:77.2,78.16 2 1
tech-internal/internal/database/database.go:79.3,80.1 1 1
tech-internal/internal/database/database.go:82.2,83.28 2 1
tech-internal/internal/database/database.go:84.3,84.56 1 1
tech-internal/internal/database/database.go:85.4,85.12 1 1
tech-internal/internal/database/database.go:87.3,87.54 1 1
tech-internal/internal/database/database.go:89.2,90.1 2 1
tech-internal/internal/database/database.go:91.2,91.21 2 1
tech-internal/internal/database/database.go:92.3,93.1 1 1
tech-internal/internal/database/database.go:95.2,95.29 1 1
tech-internal/internal/database/database.go:96.3,97.17 2 1
tech-internal/internal/database/database.go:98.4,99.1 1 0
tech-internal/internal/database/database.go:100.3,100.61 1 1
tech-internal/internal/database/database.go:101.4,102.1 1 1
tech-internal/internal/database/database.go:104.2,104.12 1 1
tech-internal/internal/middleware/accesslog.go:18.2,18.30 1 1
tech-internal/internal/middleware/accesslog.go:19.3,20.15 2 1
tech-internal/internal/middleware/accesslog.go:21.4,22.1 1 0
tech-internal/internal/middleware/accesslog.go:23.3,25.11 3 1
tech-internal/internal/middleware/accesslog.go:30.2,30.30 1 1
tech-internal/internal/middleware/accesslog.go:31.3,31.78 1 1
tech-internal/internal/middleware/accesslog.go:32.4,34.1 2 0
tech-internal/internal/middleware/accesslog.go:36.3,38.1 5 1
tech-internal/internal/middleware/accesslog.go:39.3,41.20 5 1
tech-internal/internal/middleware/accesslog.go:42.4,43.1 1 1
tech-internal/internal/middleware/accesslog.go:43.10,43.27 1 0
tech-internal/internal/middleware/accesslog.go:44.4,45.1 1 0
tech-internal/internal/middleware/accesslog.go:47.3,60.1 2 1
tech-internal/internal/middleware/accesslog.go:62.3,62.35 2 1
tech-internal/internal/middleware/accesslog.go:63.4,63.44 1 1
tech-internal/internal/middleware/accesslog.go:64.5,67.1 3 1
tech-internal/internal/middleware/accesslog.go:70.3,70.54 1 1
tech-internal/internal/middleware/accesslog.go:75.2,76.27 2 1
tech-internal/internal/middleware/accesslog.go:77.3,78.1 1 1
tech-internal/internal/middleware/accesslog.go:79.2,79.34 1 1
tech-internal/internal/middleware/accesslog.go:83.2,84.27 2 1
tech-internal/internal/middleware/accesslog.go:85.3,86.1 1 1
tech-internal/internal/middleware/accesslog.go:87.2,87.11 1 1
tech-internal/internal/middleware/middleware.go:24.2,24.30 1 1
tech-internal/internal/middleware/middleware.go:25.3,26.17 2 1
tech-internal/internal/middleware/middleware.go:27.4,27.50 1 1
tech-internal/internal/middleware/middleware.go:28.5,30.1 2 1
tech-internal/internal/middleware/middleware.go:31.4,32.10 2 1
tech-internal/internal/middleware/middleware.go:35.3,36.17 2 1
tech-internal/internal/middleware/middleware.go:37.4,39.1 2 1
tech-internal/internal/middleware/middleware.go:41.3,42.11 2 1
tech-internal/internal/middleware/middleware.go:48.2,48.30 1 1
tech-internal/internal/middleware/middleware.go:49.3,50.17 2 1
tech-internal/internal/middleware/middleware.go:51.4,51.50 1 1
tech-internal/internal/middleware/middleware.go:52.5,54.1 2 1
tech-internal/internal/middleware/middleware.go:55.4,56.10 2 1
tech-internal/internal/middleware/middleware.go:59.3,60.17 2 1
tech-internal/internal/middleware/middleware.go:61.4,63.1 2 1
tech-internal/internal/middleware/middleware.go:65.3,66.17 2 1
tech-internal/internal/middleware/middleware.go:67.4,67.46 1 1
tech-internal/internal/middleware/middleware.go:68.5,70.1 2 1
tech-internal/internal/middleware/middleware.go:71.4,72.10 2 1
tech-internal/internal/middleware/middleware.go:74.3,81.84 1 1
tech-internal/internal/middleware/middleware.go:82.4,84.1 2 1
tech-internal/internal/middleware/middleware.go:86.3,87.11 2 1
tech-internal/internal/middleware/middleware.go:92.2,92.30 1 1
tech-internal/internal/middleware/middleware.go:93.3,94.10 2 1
tech-internal/internal/middleware/middleware.go:95.4,97.1 2 1
tech-internal/internal/middleware/middleware.go:98.3,99.96 2 1
tech-internal/internal/middleware/middleware.go:100.4,102.1 2 1
tech-internal/internal/middleware/middleware.go:103.3,103.11 1 1
tech-internal/internal/middleware/middleware.go:108.2,108.30 1 1
tech-internal/internal/middleware/middleware.go:109.3,111.20 3 1
tech-internal/internal/middleware/middleware.go:112.4,114.1 2 1
tech-internal/internal/middleware/middleware.go:115.3,115.41 1 1
tech-internal/internal/middleware/middleware.go:116.4,118.1 2 1
tech-internal/internal/middleware/middleware.go:119.3,119.11 1 1
tech-internal/internal/middleware/middleware.go:124.2,124.19 1 1
tech-internal/internal/middleware/middleware.go:125.3,126.1 1 1
tech-internal/internal/middleware/middleware.go:127.2,127.36 1 1
tech-internal/internal/middleware/middleware.go:128.3,128.36 1 1
tech-internal/internal/middleware/middleware.go:129.4,130.1 1 1
tech-internal/internal/middleware/middleware.go:132.2,132.71 1 1
tech-internal/internal/middleware/middleware.go:136.2,136.19 1 1
tech-internal/internal/middleware/middleware.go:137.3,138.1 1 1
tech-internal/internal/middleware/middleware.go:139.2,139.42 1 1
tech-internal/internal/middleware/middleware.go:140.3,140.57 1 1
tech-internal/internal/middleware/middleware.go:141.4,142.1 1 1
tech-internal/internal/middleware/middleware.go:144.2,144.37 1 1
tech-internal/internal/middleware/middleware.go:145.3,145.57 1 1
tech-internal/internal/middleware/middleware.go:146.4,147.1 1 1
tech-internal/internal/middleware/middleware.go:149.2,149.40 1 1
tech-internal/internal/middleware/middleware.go:153.2,154.1 2 1
tech-internal/internal/middleware/middleware.go:155.2,155.30 2 1
tech-internal/internal/middleware/middleware.go:156.3,158.15 3 1
tech-internal/internal/middleware/middleware.go:159.4,159.20 1 1
tech-internal/internal/middleware/middleware.go:160.5,161.1 1 1
tech-internal/internal/middleware/middleware.go:162.5,163.1 1 1
tech-internal/internal/middleware/middleware.go:165.4,165.30 1 1
tech-internal/internal/middleware/middleware.go:166.5,166.37 1 1
tech-internal/internal/middleware/middleware.go:167.6,168.11 2 1
tech-internal/internal/middleware/middleware.go:173.3,173.24 1 1
tech-internal/internal/middleware/middleware.go:174.4,180.1 6 1
tech-internal/internal/middleware/middleware.go:182.3,182.45 1 1
tech-internal/internal/middleware/middleware.go:183.4,185.1 2 1
tech-internal/internal/middleware/middleware.go:186.3,186.11 1 1
tech-internal/internal/repository/auth_cache.go:35.2,35.21 1 1
tech-internal/internal/repository/auth_cache.go:36.3,37.1 1 1
tech-internal/internal/repository/auth_cache.go:38.2,38.66 1 1
tech-internal/internal/repository/auth_cache.go:42.2,45.1 2 1
tech-internal/internal/repository/auth_cache.go:47.47,47.81 1 1
tech-internal/internal/repository/auth_cache.go:48.47,48.76 1 1
tech-internal/internal/repository/auth_cache.go:49.47,49.97 1 1
tech-internal/internal/repository/auth_cache.go:52.2,57.72 6 1
tech-internal/internal/repository/auth_cache.go:58.3,60.1 2 1
tech-internal/internal/repository/auth_cache.go:62.2,63.16 2 1
tech-internal/internal/repository/auth_cache.go:64.3,66.1 2 1
tech-internal/internal/repository/auth_cache.go:67.2,69.68 2 1
tech-internal/internal/repository/auth_cache.go:70.3,72.1 2 1
tech-internal/internal/repository/auth_cache.go:73.2,74.23 2 1
tech-internal/internal/repository/auth_cache.go:75.3,76.17 2 1
tech-internal/internal/repository/auth_cache.go:77.4,79.1 2 1
tech-internal/internal/repository/auth_cache.go:80.3,81.34 2 1
tech-internal/internal/repository/auth_cache.go:83.2,83.26 1 1
tech-internal/internal/repository/auth_cache.go:114.2,114.17 1 1
tech-internal/internal/repository/auth_cache.go:115.3,116.1 1 1
tech-internal/internal/repository/auth_cache.go:117.2,121.17 5 1
tech-internal/internal/repository/auth_cache.go:122.3,123.1 1 1
tech-internal/internal/repository/auth_cache.go:124.2,126.16 3 1
tech-internal/internal/repository/auth_cache.go:127.3,128.1 1 0
tech-internal/internal/repository/auth_cache.go:129.2,130.17 2 1
tech-internal/internal/repository/auth_cache.go:131.3,132.1 1 1
tech-internal/internal/repository/auth_cache.go:133.2,136.9 1 1
tech-internal/internal/repository/auth_cache.go:150.2,150.39 1 1
tech-internal/internal/repository/auth_cache.go:151.3,152.1 1 1
tech-internal/internal/repository/auth_cache.go:153.2,154.56 1 1
tech-internal/internal/repository/auth_cache.go:159.2,160.1 1 1
tech-internal/internal/repository/auth_cache.go:165.2,165.14 1 1
tech-internal/internal/repository/auth_cache.go:166.3,167.1 1 1
tech-internal/internal/repository/auth_cache.go:168.2,168.52 1 1
tech-internal/internal/repository/auth_cache.go:172.2,172.9 1 1
tech-internal/internal/repository/auth_cache.go:174.3,174.16 1 1
tech-internal/internal/repository/auth_cache.go:174.18,174.29 1 1
tech-internal/internal/repository/auth_cache.go:175.3,175.14 1 1
tech-internal/internal/repository/auth_cache.go:177.3,177.19 1 1
tech-internal/internal/repository/auth_cache.go:191.2,191.20 1 1
tech-internal/internal/repository/auth_cache.go:192.3,193.1 1 1
tech-internal/internal/repository/auth_cache.go:194.2,194.74 1 1
tech-internal/internal/repository/auth_cache.go:198.2,198.68 1 1
tech-internal/internal/repository/auth_cache.go:199.3,200.1 1 1
tech-internal/internal/repository/auth_cache.go:201.2,202.55 2 1
tech-internal/internal/repository/auth_cache.go:203.3,203.69 1 1
tech-internal/internal/repository/auth_cache.go:204.4,205.1 1 0
tech-internal/internal/repository/auth_cache.go:206.3,207.42 2 1
tech-internal/internal/repository/auth_cache.go:208.4,211.1 3 1
tech-internal/internal/repository/auth_cache.go:212.3,212.17 1 1
tech-internal/internal/repository/auth_cache.go:213.4,214.1 1 1
tech-internal/internal/repository/auth_cache.go:215.3,215.48 1 1
tech-internal/internal/repository/auth_cache.go:216.4,217.1 1 1
tech-internal/internal/repository/auth_cache.go:218.3,218.19 1 1
tech-internal/internal/repository/auth_cache.go:220.2,220.16 1 1
tech-internal/internal/repository/auth_cache.go:221.3,222.1 1 1
tech-internal/internal/repository/auth_cache.go:223.2,223.34 1 1
tech-internal/internal/repository/auth_cache.go:227.2,229.41 3 1
tech-internal/internal/repository/auth_cache.go:230.3,233.1 3 1
tech-internal/internal/repository/auth_cache.go:234.2,234.26 1 1
tech-internal/internal/repository/auth_cache.go:238.2,238.44 1 1
tech-internal/internal/repository/auth_cache.go:238.46,238.93 1 1
tech-internal/internal/repository/auth_cache.go:239.3,240.1 1 1
tech-internal/internal/repository/auth_cache.go:241.2,241.67 1 1
tech-internal/internal/repository/auth_cache.go:245.2,245.44 1 1
tech-internal/internal/repository/auth_cache.go:246.3,247.1 1 1
tech-internal/internal/repository/auth_cache.go:248.3,249.1 1 1
tech-internal/internal/repository/auth_cache.go:250.2,250.56 1 1
tech-internal/internal/repository/auth_cache.go:254.2,255.44 2 1
tech-internal/internal/repository/auth_cache.go:256.3,259.1 3 1
tech-internal/internal/repository/auth_cache.go:260.3,261.1 1 1
tech-internal/internal/repository/auth_cache.go:262.2,262.31 1 1
tech-internal/internal/repository/auth_cache.go:266.2,267.44 2 1
tech-internal/internal/repository/auth_cache.go:268.3,271.1 3 1
tech-internal/internal/repository/auth_cache.go:272.3,273.1 1 1
tech-internal/internal/repository/auth_cache.go:274.2,274.31 1 1
tech-internal/internal/repository/auth_cache.go:278.2,279.1 1 1
tech-internal/internal/repository/auth_cache.go:290.2,290.20 1 1
tech-internal/internal/repository/auth_cache.go:291.3,292.1 1 1
tech-internal/internal/repository/auth_cache.go:293.2,293.78 1 1
tech-internal/internal/repository/auth_cache.go:297.2,298.1 1 1
tech-internal/internal/repository/auth_cache.go:301.2,301.79 1 1
tech-internal/internal/repository/auth_cache.go:302.3,303.44 2 1
tech-internal/internal/repository/auth_cache.go:304.4,306.1 2 1
tech-internal/internal/repository/auth_cache.go:308.2,310.44 3 1
tech-internal/internal/repository/auth_cache.go:311.3,314.1 3 1
tech-internal/internal/repository/auth_cache.go:315.3,316.1 1 1
tech-internal/internal/repository/auth_cache.go:317.2,317.45 1 1
tech-internal/internal/repository/auth_cache.go:318.3,319.1 1 1
tech-internal/internal/repository/auth_cache.go:320.2,320.22 1 1
tech-internal/internal/repository/auth_cache.go:324.2,324.44 1 1
tech-internal/internal/repository/auth_cache.go:324.46,324.83 1 1
tech-internal/internal/repository/auth_cache.go:325.3,326.1 1 1
tech-internal/internal/repository/auth_cache.go:327.2,327.30 1 1
tech-internal/internal/repository/auth_cache.go:331.2,332.16 2 1
tech-internal/internal/repository/auth_cache.go:333.3,334.1 1 0
tech-internal/internal/repository/auth_cache.go:335.2,335.73 1 1
tech-internal/internal/repository/members.go:21.2,22.24 2 1
tech-internal/internal/repository/members.go:23.3,24.1 1 1
tech-internal/internal/repository/members.go:25.2,25.10 1 1
tech-internal/internal/repository/members.go:29.2,30.154 2 1
tech-internal/internal/repository/members.go:31.3,32.1 1 1
tech-internal/internal/repository/members.go:33.2,40.16 2 1
tech-internal/internal/repository/members.go:41.3,42.1 1 1
tech-internal/internal/repository/members.go:43.2,44.18 2 1
tech-internal/internal/repository/members.go:45.3,46.132 2 1
tech-internal/internal/repository/members.go:47.4,48.1 1 0
tech-internal/internal/repository/members.go:49.3,49.23 1 1
tech-internal/internal/repository/members.go:51.2,51.35 1 1
tech-internal/internal/repository/members.go:52.3,54.1 2 0
tech-internal/internal/repository/members.go:55.2,57.21 3 1
tech-internal/internal/repository/members.go:58.3,61.1 3 1
tech-internal/internal/repository/members.go:62.2,64.21 3 1
tech-internal/internal/repository/members.go:65.3,66.17 2 1
tech-internal/internal/repository/members.go:67.4,68.1 1 0
tech-internal/internal/repository/members.go:69.3,69.25 1 1
tech-internal/internal/repository/members.go:70.4,71.80 2 1
tech-internal/internal/repository/members.go:72.5,74.1 2 0
tech-internal/internal/repository/members.go:75.4,75.59 1 1
tech-internal/internal/repository/members.go:77.3,79.17 3 1
tech-internal/internal/repository/members.go:80.4,81.1 1 0
tech-internal/internal/repository/members.go:82.3,82.23 1 1
tech-internal/internal/repository/members.go:83.4,84.46 2 1
tech-internal/internal/repository/members.go:85.5,87.1 2 0
tech-internal/internal/repository/members.go:88.4,88.50 1 1
tech-internal/internal/repository/members.go:90.3,92.17 3 1
tech-internal/internal/repository/members.go:93.4,94.1 1 0
tech-internal/internal/repository/members.go:95.3,95.29 1 1
tech-internal/internal/repository/members.go:96.4,97.52 2 1
tech-internal/internal/repository/members.go:98.5,100.1 2 0
tech-internal/internal/repository/members.go:101.4,101.56 1 1
tech-internal/internal/repository/members.go:103.3,103.25 1 1
tech-internal/internal/repository/members.go:105.2,105.36 1 1
tech-internal/internal/repository/members.go:109.2,116.35 3 1
tech-internal/internal/repository/members.go:117.3,118.1 1 1
tech-internal/internal/repository/members.go:119.2,119.16 1 1
tech-internal/internal/repository/members.go:120.3,121.1 1 1
tech-internal/internal/repository/members.go:122.2,122.47 1 1
tech-internal/internal/repository/members.go:123.3,124.1 1 0
tech-internal/internal/repository/members.go:125.2,125.16 1 1
tech-internal/internal/repository/members.go:129.2,130.16 2 1
tech-internal/internal/repository/members.go:131.3,132.1 1 1
tech-internal/internal/repository/members.go:133.2,133.18 1 1
tech-internal/internal/repository/members.go:134.3,135.59 2 1
tech-internal/internal/repository/members.go:136.4,138.1 2 0
tech-internal/internal/repository/members.go:139.3,139.41 1 1
tech-internal/internal/repository/members.go:141.2,143.16 3 1
tech-internal/internal/repository/members.go:144.3,145.1 1 1
tech-internal/internal/repository/members.go:146.2,146.18 1 1
tech-internal/internal/repository/members.go:147.3,148.41 2 1
tech-internal/internal/repository/members.go:149.4,151.1 2 0
tech-internal/internal/repository/members.go:152.3,152.39 1 1
tech-internal/internal/repository/members.go:154.2,156.16 3 1
tech-internal/internal/repository/members.go:157.3,158.1 1 1
tech-internal/internal/repository/members.go:159.2,159.18 1 1
tech-internal/internal/repository/members.go:160.3,161.41 2 1
tech-internal/internal/repository/members.go:162.4,164.1 2 0
tech-internal/internal/repository/members.go:165.3,165.45 1 1
tech-internal/internal/repository/members.go:167.2,168.19 2 1
tech-internal/internal/repository/members.go:174.2,174.28 1 1
tech-internal/internal/repository/members.go:175.3,176.1 1 1
tech-internal/internal/repository/members.go:177.2,179.16 3 1
tech-internal/internal/repository/members.go:180.3,181.1 1 0
tech-internal/internal/repository/members.go:182.2,183.16 2 1
tech-internal/internal/repository/members.go:184.3,185.1 1 0
tech-internal/internal/repository/members.go:186.2,187.16 2 1
tech-internal/internal/repository/members.go:188.3,189.1 1 1
tech-internal/internal/repository/members.go:190.2,191.126 2 1
tech-internal/internal/repository/members.go:192.3,193.1 1 1
tech-internal/internal/repository/members.go:194.2,194.190 1 1
tech-internal/internal/repository/members.go:195.3,196.1 1 0
tech-internal/internal/repository/members.go:197.2,198.40 2 1
tech-internal/internal/repository/members.go:199.3,200.15 2 1
tech-internal/internal/repository/members.go:201.4,202.1 1 0
tech-internal/internal/repository/members.go:203.3,204.30 2 1
tech-internal/internal/repository/members.go:205.4,206.1 1 1
tech-internal/internal/repository/members.go:207.3,207.240 1 1
tech-internal/internal/repository/members.go:209.2,210.25 2 1
tech-internal/internal/repository/members.go:211.3,211.47 1 1
tech-internal/internal/repository/members.go:212.4,213.58 2 1
tech-internal/internal/repository/members.go:214.5,215.1 1 1
tech-internal/internal/repository/members.go:216.4,216.12 1 0
tech-internal/internal/repository/members.go:219.2,219.48 1 1
tech-internal/internal/repository/members.go:220.3,221.1 1 0
tech-internal/internal/repository/members.go:222.2,222.26 1 1
tech-internal/internal/repository/members.go:223.3,224.1 1 1
tech-internal/internal/repository/members.go:225.2,226.33 2 1
tech-internal/internal/repository/members.go:227.3,228.1 1 1
tech-internal/internal/repository/members.go:229.2,230.33 2 1
tech-internal/internal/repository/members.go:231.3,232.15 2 1
tech-internal/internal/repository/members.go:233.4,235.1 2 0
tech-internal/internal/repository/members.go:236.3,236.30 1 1
tech-internal/internal/repository/members.go:237.4,239.1 2 0
tech-internal/internal/repository/members.go:241.2,241.44 1 1
tech-internal/internal/repository/members.go:242.3,243.1 1 0
tech-internal/internal/repository/members.go:244.2,246.39 3 1
tech-internal/internal/repository/members.go:247.3,248.1 1 0
tech-internal/internal/repository/members.go:249.2,249.24 1 1
tech-internal/internal/repository/members.go:250.3,250.41 1 0
tech-internal/internal/repository/members.go:251.4,251.120 1 0
tech-internal/internal/repository/members.go:252.5,253.1 1 0
tech-internal/internal/repository/members.go:256.2,256.12 1 1
tech-internal/internal/repository/members.go:260.2,261.24 2 1
tech-internal/internal/repository/members.go:262.3,263.17 2 1
tech-internal/internal/repository/members.go:264.4,265.1 1 1
tech-internal/internal/repository/members.go:266.3,266.35 1 0
tech-internal/internal/repository/members.go:268.2,269.16 2 1
tech-internal/internal/repository/members.go:270.3,271.1 1 0
tech-internal/internal/repository/members.go:272.2,273.111 2 1
tech-internal/internal/repository/members.go:274.3,275.1 1 0
tech-internal/internal/repository/members.go:276.2,279.35 4 1
tech-internal/internal/repository/members.go:280.3,281.1 1 1
tech-internal/internal/repository/members.go:282.2,282.16 1 1
tech-internal/internal/repository/members.go:283.3,284.1 1 0
tech-internal/internal/repository/members.go:285.2,285.21 1 1
tech-internal/internal/repository/members.go:286.3,286.25 1 1
tech-internal/internal/repository/members.go:287.4,288.1 1 1
tech-internal/internal/repository/members.go:289.3,291.41 3 1
tech-internal/internal/repository/members.go:292.4,293.17 2 1
tech-internal/internal/repository/members.go:294.5,295.1 1 1
tech-internal/internal/repository/members.go:296.4,296.44 1 1
tech-internal/internal/repository/members.go:297.5,298.1 1 1
tech-internal/internal/repository/members.go:299.4,300.178 2 1
tech-internal/internal/repository/members.go:301.5,302.1 1 0
tech-internal/internal/repository/members.go:303.4,303.15 1 1
tech-internal/internal/repository/members.go:304.5,305.1 1 1
tech-internal/internal/repository/members.go:306.4,307.40 2 1
tech-internal/internal/repository/members.go:309.3,309.24 1 1
tech-internal/internal/repository/members.go:311.2,312.21 2 1
tech-internal/internal/repository/members.go:313.3,314.30 2 1
tech-internal/internal/repository/members.go:315.4,315.24 1 1
tech-internal/internal/repository/members.go:316.5,317.1 1 0
tech-internal/internal/repository/members.go:320.2,321.43 2 1
tech-internal/internal/repository/members.go:322.3,322.83 1 1
tech-internal/internal/repository/members.go:323.4,324.1 1 1
tech-internal/internal/repository/members.go:326.2,326.23 1 1
tech-internal/internal/repository/members.go:327.3,327.136 1 1
tech-internal/internal/repository/members.go:328.4,329.1 1 0
tech-internal/internal/repository/members.go:331.2,331.19 1 1
tech-internal/internal/repository/members.go:332.3,332.192 1 1
tech-internal/internal/repository/members.go:333.4,334.1 1 0
tech-internal/internal/repository/members.go:336.2,336.21 1 1
tech-internal/internal/repository/members.go:337.3,337.115 1 1
tech-internal/internal/repository/members.go:338.4,339.1 1 0
tech-internal/internal/repository/members.go:340.3,340.32 1 1
tech-internal/internal/repository/members.go:341.4,342.16 2 1
tech-internal/internal/repository/members.go:343.5,344.1 1 0
tech-internal/internal/repository/members.go:345.4,345.31 1 1
tech-internal/internal/repository/members.go:346.5,347.1 1 0
tech-internal/internal/repository/members.go:350.2,350.39 1 1
tech-internal/internal/repository/members.go:351.3,352.1 1 0
tech-internal/internal/repository/members.go:353.2,353.24 1 1
tech-internal/internal/repository/members.go:354.3,355.1 1 0
tech-internal/internal/repository/members.go:356.2,356.12 1 1
tech-internal/internal/repository/members.go:360.2,361.24 2 1
tech-internal/internal/repository/members.go:362.3,363.17 2 0
tech-internal/internal/repository/members.go:364.4,365.1 1 0
tech-internal/internal/repository/members.go:366.3,366.35 1 0
tech-internal/internal/repository/members.go:368.2,369.16 2 1
tech-internal/internal/repository/members.go:370.3,371.1 1 0
tech-internal/internal/repository/members.go:372.2,373.111 2 1
tech-internal/internal/repository/members.go:374.3,375.1 1 0
tech-internal/internal/repository/members.go:376.2,379.35 4 1
tech-internal/internal/repository/members.go:380.3,381.1 1 0
tech-internal/internal/repository/members.go:382.2,382.16 1 1
tech-internal/internal/repository/members.go:383.3,384.1 1 0
tech-internal/internal/repository/members.go:385.2,385.11 1 1
tech-internal/internal/repository/members.go:386.3,386.83 1 1
tech-internal/internal/repository/members.go:387.4,388.1 1 0
tech-internal/internal/repository/members.go:390.2,390.90 1 1
tech-internal/internal/repository/members.go:391.3,392.1 1 0
tech-internal/internal/repository/members.go:393.2,393.39 1 1
tech-internal/internal/repository/members.go:394.3,395.1 1 0
tech-internal/internal/repository/members.go:396.2,396.24 1 1
tech-internal/internal/repository/members.go:397.3,398.1 1 0
tech-internal/internal/repository/members.go:399.2,399.12 1 1
tech-internal/internal/repository/members.go:408.2,409.24 2 1
tech-internal/internal/repository/members.go:410.3,411.17 2 0
tech-internal/internal/repository/members.go:412.4,413.1 1 0
tech-internal/internal/repository/members.go:414.3,414.33 1 0
tech-internal/internal/repository/members.go:416.2,417.16 2 1
tech-internal/internal/repository/members.go:418.3,419.1 1 0
tech-internal/internal/repository/members.go:420.2,421.1 3 1
tech-internal/internal/repository/members.go:422.2,423.17 3 1
tech-internal/internal/repository/members.go:424.3,425.36 2 1
tech-internal/internal/repository/members.go:426.4,427.1 1 0
tech-internal/internal/repository/members.go:428.3,428.17 1 1
tech-internal/internal/repository/members.go:429.4,430.1 1 0
tech-internal/internal/repository/members.go:432.2,432.102 1 1
tech-internal/internal/repository/members.go:433.3,434.1 1 0
tech-internal/internal/repository/members.go:436.2,444.35 4 1
tech-internal/internal/repository/members.go:445.3,446.1 1 0
tech-internal/internal/repository/members.go:447.2,447.16 1 1
tech-internal/internal/repository/members.go:448.3,449.1 1 0
tech-internal/internal/repository/members.go:450.2,450.11 1 1
tech-internal/internal/repository/members.go:451.3,451.74 1 0
tech-internal/internal/repository/members.go:452.4,453.1 1 0
tech-internal/internal/repository/members.go:455.2,456.16 2 1
tech-internal/internal/repository/members.go:457.3,458.1 1 0
tech-internal/internal/repository/members.go:459.2,459.29 1 1
tech-internal/internal/repository/members.go:460.3,461.1 1 0
tech-internal/internal/repository/members.go:462.2,462.39 1 1
tech-internal/internal/repository/members.go:463.3,464.1 1 0
tech-internal/internal/repository/members.go:465.2,465.24 1 1
tech-internal/internal/repository/members.go:466.3,467.1 1 0
tech-internal/internal/repository/members.go:468.2,468.12 1 1
tech-internal/internal/repository/members.go:476.2,478.16 3 1
tech-internal/internal/repository/members.go:479.3,480.1 1 1
tech-internal/internal/repository/members.go:481.2,481.12 1 1
tech-internal/internal/repository/members.go:482.3,483.1 1 1
tech-internal/internal/repository/members.go:484.2,484.12 1 1
tech-internal/internal/repository/members.go:488.2,489.148 2 1
tech-internal/internal/repository/members.go:490.3,491.1 1 1
tech-internal/internal/repository/members.go:492.2,493.16 2 1
tech-internal/internal/repository/members.go:494.3,495.1 1 1
tech-internal/internal/repository/members.go:496.2,498.18 3 1
tech-internal/internal/repository/members.go:499.3,500.84 2 1
tech-internal/internal/repository/members.go:501.4,502.1 1 0
tech-internal/internal/repository/members.go:503.3,504.17 2 1
tech-internal/internal/repository/members.go:505.4,506.1 1 1
tech-internal/internal/repository/members.go:507.3,507.16 1 1
tech-internal/internal/repository/members.go:508.4,509.39 2 1
tech-internal/internal/repository/members.go:510.5,512.1 2 0
tech-internal/internal/repository/members.go:513.4,513.52 1 1
tech-internal/internal/repository/members.go:515.3,516.26 2 1
tech-internal/internal/repository/members.go:518.2,518.31 1 1
tech-internal/internal/repository/members.go:522.2,523.16 2 1
tech-internal/internal/repository/members.go:524.3,525.1 1 0
tech-internal/internal/repository/members.go:526.2,527.16 2 1
tech-internal/internal/repository/members.go:528.3,529.1 1 0
tech-internal/internal/repository/members.go:530.2,531.181 2 1
tech-internal/internal/repository/members.go:532.3,532.61 1 1
tech-internal/internal/repository/members.go:533.4,534.1 1 1
tech-internal/internal/repository/members.go:535.3,535.18 1 0
tech-internal/internal/repository/members.go:537.2,537.32 1 1
tech-internal/internal/repository/members.go:538.3,539.15 2 1
tech-internal/internal/repository/members.go:540.4,541.1 1 0
tech-internal/internal/repository/members.go:542.3,542.30 1 1
tech-internal/internal/repository/members.go:543.4,544.1 1 1
tech-internal/internal/repository/members.go:546.2,546.38 1 1
tech-internal/internal/repository/members.go:547.3,548.1 1 0
tech-internal/internal/repository/members.go:549.2,549.94 1 1
tech-internal/internal/repository/repository.go:36.2,37.1 1 1
tech-internal/internal/repository/repository.go:40.2,41.1 1 1
tech-internal/internal/repository/repository.go:44.2,45.1 1 1
tech-internal/internal/repository/repository.go:48.2,70.1 4 1
tech-internal/internal/repository/repository.go:71.2,75.56 4 1
tech-internal/internal/repository/repository.go:76.3,76.36 1 1
tech-internal/internal/repository/repository.go:77.4,78.1 1 1
tech-internal/internal/repository/repository.go:79.3,79.18 1 1
tech-internal/internal/repository/repository.go:81.2,82.16 2 1
tech-internal/internal/repository/repository.go:90.2,93.29 2 1
tech-internal/internal/repository/repository.go:94.3,95.1 1 1
tech-internal/internal/repository/repository.go:96.2,126.16 2 1
tech-internal/internal/repository/repository.go:127.3,128.1 1 1
tech-internal/internal/repository/repository.go:129.2,130.1 3 1
tech-internal/internal/repository/repository.go:131.2,132.18 3 1
tech-internal/internal/repository/repository.go:133.3,136.57 2 1
tech-internal/internal/repository/repository.go:137.4,138.1 1 0
tech-internal/internal/repository/repository.go:139.3,139.27 1 1
tech-internal/internal/repository/repository.go:141.2,141.33 1 1
tech-internal/internal/repository/repository.go:145.2,146.16 2 1
tech-internal/internal/repository/repository.go:147.3,148.1 1 0
tech-internal/internal/repository/repository.go:149.2,150.16 2 1
tech-internal/internal/repository/repository.go:151.3,152.1 1 0
tech-internal/internal/repository/repository.go:153.2,154.16 2 1
tech-internal/internal/repository/repository.go:155.3,156.1 1 0
tech-internal/internal/repository/repository.go:157.2,158.33 2 1
tech-internal/internal/repository/repository.go:159.3,160.1 1 1
tech-internal/internal/repository/repository.go:161.2,161.49 1 1
tech-internal/internal/repository/repository.go:162.3,163.1 1 1
tech-internal/internal/repository/repository.go:164.2,182.16 2 1
tech-internal/internal/repository/repository.go:183.3,183.59 1 1
tech-internal/internal/repository/repository.go:184.4,185.1 1 1
tech-internal/internal/repository/repository.go:186.3,186.13 1 1
tech-internal/internal/repository/repository.go:188.2,188.29 1 1
tech-internal/internal/repository/repository.go:189.3,190.1 1 1
tech-internal/internal/repository/repository.go:191.2,191.12 1 1
tech-internal/internal/repository/repository.go:195.2,202.16 2 1
tech-internal/internal/repository/repository.go:203.3,204.1 1 1
tech-internal/internal/repository/repository.go:205.2,205.29 1 1
tech-internal/internal/repository/repository.go:206.3,207.1 1 1
tech-internal/internal/repository/repository.go:208.2,208.12 1 1
tech-internal/internal/repository/repository.go:216.2,217.1 1 1
tech-internal/internal/repository/repository.go:220.2,225.1 3 1
tech-internal/internal/repository/repository.go:226.2,227.86 3 1
tech-internal/internal/repository/repository.go:228.3,228.36 1 1
tech-internal/internal/repository/repository.go:229.4,230.1 1 1
tech-internal/internal/repository/repository.go:231.3,231.18 1 1
tech-internal/internal/repository/repository.go:233.2,233.16 1 1
tech-internal/internal/repository/repository.go:237.2,244.16 2 1
tech-internal/internal/repository/repository.go:245.3,246.1 1 1
tech-internal/internal/repository/repository.go:247.2,247.29 1 1
tech-internal/internal/repository/repository.go:248.3,249.1 1 1
tech-internal/internal/repository/repository.go:250.2,250.12 1 1
tech-internal/internal/repository/repository.go:258.2,259.1 1 1
tech-internal/internal/repository/repository.go:266.2,269.38 2 1
tech-internal/internal/repository/repository.go:270.3,271.1 1 0
tech-internal/internal/repository/repository.go:272.2,279.16 2 1
tech-internal/internal/repository/repository.go:280.3,281.1 1 0
tech-internal/internal/repository/repository.go:282.2,283.1 3 1
tech-internal/internal/repository/repository.go:284.2,285.18 3 1
tech-internal/internal/repository/repository.go:286.3,287.119 2 1
tech-internal/internal/repository/repository.go:288.4,289.1 1 0
tech-internal/internal/repository/repository.go:290.3,290.25 1 1
tech-internal/internal/repository/repository.go:292.2,292.32 1 1
tech-internal/internal/repository/repository.go:296.2,296.18 1 1
tech-internal/internal/repository/repository.go:297.3,299.17 3 1
tech-internal/internal/repository/repository.go:300.4,301.1 1 0
tech-internal/internal/repository/repository.go:303.2,307.12 2 1
tech-internal/internal/repository/repository.go:311.2,312.16 2 1
tech-internal/internal/repository/repository.go:313.3,314.1 1 0
tech-internal/internal/repository/repository.go:315.2,315.29 1 1
tech-internal/internal/repository/repository.go:316.3,317.1 1 1
tech-internal/internal/repository/repository.go:318.2,318.12 1 1
tech-internal/internal/repository/tokens.go:18.2,19.1 1 1
tech-internal/internal/repository/tokens.go:22.2,22.18 1 1
tech-internal/internal/repository/tokens.go:23.3,25.17 3 1
tech-internal/internal/repository/tokens.go:26.4,27.1 1 0
tech-internal/internal/repository/tokens.go:29.2,33.12 2 1
tech-internal/internal/repository/tokens.go:44.2,45.21 2 1
tech-internal/internal/repository/tokens.go:46.3,47.17 2 1
tech-internal/internal/repository/tokens.go:48.4,49.1 1 0
tech-internal/internal/repository/tokens.go:51.2,51.22 1 1
tech-internal/internal/repository/tokens.go:52.3,53.17 2 1
tech-internal/internal/repository/tokens.go:54.4,55.1 1 0
tech-internal/internal/repository/tokens.go:57.2,58.16 2 1
tech-internal/internal/repository/tokens.go:59.3,60.1 1 1
tech-internal/internal/repository/tokens.go:61.2,62.1 7 1
tech-internal/internal/repository/tokens.go:63.2,78.42 7 1
tech-internal/internal/repository/tokens.go:79.3,81.1 2 1
tech-internal/internal/repository/tokens.go:82.2,82.42 1 1
tech-internal/internal/repository/tokens.go:83.3,85.1 2 1
tech-internal/internal/repository/tokens.go:86.2,86.40 1 1
tech-internal/internal/repository/tokens.go:87.3,88.1 1 0
tech-internal/internal/repository/tokens.go:89.2,89.23 1 1
tech-internal/internal/repository/tokens.go:101.2,102.21 2 1
tech-internal/internal/repository/tokens.go:103.3,104.17 2 1
tech-internal/internal/repository/tokens.go:105.4,106.1 1 0
tech-internal/internal/repository/tokens.go:108.2,108.22 1 1
tech-internal/internal/repository/tokens.go:109.3,110.17 2 1
tech-internal/internal/repository/tokens.go:111.4,112.1 1 0
tech-internal/internal/repository/tokens.go:114.2,115.16 2 1
tech-internal/internal/repository/tokens.go:116.3,117.1 1 1
tech-internal/internal/repository/tokens.go:118.2,119.1 3 1
tech-internal/internal/repository/tokens.go:120.2,128.16 3 1
tech-internal/internal/repository/tokens.go:129.3,130.1 1 1
tech-internal/internal/repository/tokens.go:131.2,131.29 1 1
tech-internal/internal/repository/tokens.go:132.3,133.1 1 1
tech-internal/internal/repository/tokens.go:135.2,150.42 6 1
tech-internal/internal/repository/tokens.go:151.3,153.1 2 0
tech-internal/internal/repository/tokens.go:154.2,154.42 1 1
tech-internal/internal/repository/tokens.go:155.3,157.1 2 0
tech-internal/internal/repository/tokens.go:158.2,158.40 1 1
tech-internal/internal/repository/tokens.go:159.3,160.1 1 0
tech-internal/internal/repository/tokens.go:161.2,161.39 1 1
tech-internal/internal/repository/tokens.go:162.3,163.1 1 1
tech-internal/internal/repository/tokens.go:164.2,164.18 1 1
tech-internal/internal/repository/tokens.go:168.2,174.1 3 1
tech-internal/internal/repository/tokens.go:175.2,176.198 3 1
tech-internal/internal/repository/tokens.go:177.3,177.36 1 1
tech-internal/internal/repository/tokens.go:178.4,179.1 1 1
tech-internal/internal/repository/tokens.go:180.3,180.18 1 0
tech-internal/internal/repository/tokens.go:182.2,182.16 1 1
tech-internal/internal/repository/tokens.go:186.2,190.16 2 1
tech-internal/internal/repository/tokens.go:191.3,192.1 1 1
tech-internal/internal/repository/tokens.go:193.2,193.32 1 1
tech-internal/internal/repository/tokens.go:197.2,201.16 2 1
tech-internal/internal/repository/tokens.go:202.3,203.1 1 1
tech-internal/internal/repository/tokens.go:204.2,204.32 1 1
tech-internal/internal/repository/tokens.go:208.2,212.16 2 1
tech-internal/internal/repository/tokens.go:213.3,214.1 1 1
tech-internal/internal/repository/tokens.go:215.2,215.32 1 1
tech-internal/internal/repository/tokens.go:219.2,226.16 2 1
tech-internal/internal/repository/tokens.go:227.3,228.1 1 1
tech-internal/internal/repository/tokens.go:229.2,230.1 3 1
tech-internal/internal/repository/tokens.go:231.2,232.18 3 1
tech-internal/internal/repository/tokens.go:233.3,234.200 2 1
tech-internal/internal/repository/tokens.go:235.4,236.1 1 0
tech-internal/internal/repository/tokens.go:237.3,237.23 1 1
tech-internal/internal/repository/tokens.go:239.2,239.16 1 1
tech-internal/internal/repository/tokens.go:240.3,241.1 1 1
tech-internal/internal/repository/tokens.go:242.2,242.24 1 1
tech-internal/internal/tracing/tracing.go:26.44,26.56 1 1
tech-internal/internal/tracing/tracing.go:32.2,33.14 2 1
tech-internal/internal/tracing/tracing.go:34.3,35.1 1 0
tech-internal/internal/tracing/tracing.go:36.2,37.20 2 1
tech-internal/internal/tracing/tracing.go:38.3,39.1 1 1
tech-internal/internal/tracing/tracing.go:40.2,40.48 1 1
tech-internal/internal/tracing/tracing.go:41.3,42.1 1 1
tech-internal/internal/tracing/tracing.go:44.2,45.16 2 1
tech-internal/internal/tracing/tracing.go:46.3,47.1 1 0
tech-internal/internal/tracing/tracing.go:50.2,51.23 2 1
tech-internal/internal/tracing/tracing.go:52.3,53.1 1 1
tech-internal/internal/tracing/tracing.go:54.2,55.16 2 1
tech-internal/internal/tracing/tracing.go:56.3,57.1 1 0
tech-internal/internal/tracing/tracing.go:59.2,68.31 4 1
tech-internal/internal/tracing/tracing.go:74.2,75.1 2 1
tech-internal/internal/tracing/tracing.go:76.2,76.30 2 1
tech-internal/internal/tracing/tracing.go:77.3,86.1 9 1
tech-internal/internal/tracing/tracing.go:87.3,89.67 9 1
tech-internal/internal/tracing/tracing.go:90.4,91.1 1 1
tech-internal/internal/tracing/tracing.go:93.3,94.1 3 1
tech-internal/internal/tracing/tracing.go:95.3,96.18 3 1
tech-internal/internal/tracing/tracing.go:97.4,98.1 1 0
tech-internal/internal/tracing/tracing.go:99.3,108.24 4 1
tech-internal/internal/tracing/tracing.go:109.4,112.1 3 1
tech-internal/internal/tracing/tracing.go:112.10,112.54 1 1
tech-internal/internal/tracing/tracing.go:113.4,114.1 1 1
tech-internal/internal/handlers/handlers.go:90.2,93.1 1 1
tech-internal/internal/handlers/handlers.go:170.2,171.1 1 1
tech-internal/internal/handlers/handlers.go:174.2,184.1 1 1
tech-internal/internal/handlers/handlers.go:187.2,188.47 2 1
tech-internal/internal/handlers/handlers.go:189.3,191.1 2 1
tech-internal/internal/handlers/handlers.go:193.2,194.18 2 1
tech-internal/internal/handlers/handlers.go:195.3,197.1 2 0
tech-internal/internal/handlers/handlers.go:198.2,199.60 2 1
tech-internal/internal/handlers/handlers.go:200.3,201.1 1 0
tech-internal/internal/handlers/handlers.go:203.2,205.77 2 1
tech-internal/internal/handlers/handlers.go:206.3,208.1 2 0
tech-internal/internal/handlers/handlers.go:209.2,209.18 1 1
tech-internal/internal/handlers/handlers.go:210.3,212.1 2 0
tech-internal/internal/handlers/handlers.go:213.2,213.41 1 1
tech-internal/internal/handlers/handlers.go:214.3,215.1 1 0
tech-internal/internal/handlers/handlers.go:216.2,216.23 1 1
tech-internal/internal/handlers/handlers.go:220.2,221.47 2 1
tech-internal/internal/handlers/handlers.go:222.3,224.1 2 1
tech-internal/internal/handlers/handlers.go:226.2,227.16 2 1
tech-internal/internal/handlers/handlers.go:228.3,230.1 2 1
tech-internal/internal/handlers/handlers.go:231.2,237.83 2 1
tech-internal/internal/handlers/handlers.go:238.3,240.1 2 1
tech-internal/internal/handlers/handlers.go:242.2,245.32 2 1
tech-internal/internal/handlers/handlers.go:246.3,248.1 2 0
tech-internal/internal/handlers/handlers.go:250.2,251.16 2 1
tech-internal/internal/handlers/handlers.go:252.3,254.1 2 0
tech-internal/internal/handlers/handlers.go:255.2,263.16 2 1
tech-internal/internal/handlers/handlers.go:264.3,266.1 2 0
tech-internal/internal/handlers/handlers.go:267.2,267.9 1 1
tech-internal/internal/handlers/handlers.go:268.3,270.1 2 0
tech-internal/internal/handlers/handlers.go:271.2,271.64 1 1
tech-internal/internal/handlers/handlers.go:275.2,278.1 1 1
tech-internal/internal/handlers/handlers.go:281.2,282.27 2 1
tech-internal/internal/handlers/handlers.go:283.3,285.1 2 1
tech-internal/internal/handlers/handlers.go:286.2,286.86 1 1
tech-internal/internal/handlers/handlers.go:287.3,289.1 2 1
tech-internal/internal/handlers/handlers.go:290.2,290.32 1 1
tech-internal/internal/handlers/handlers.go:294.2,295.18 2 1
tech-internal/internal/handlers/handlers.go:296.3,298.1 2 1
tech-internal/internal/handlers/handlers.go:299.2,300.16 2 1
tech-internal/internal/handlers/handlers.go:301.3,301.45 1 1
tech-internal/internal/handlers/handlers.go:302.4,304.1 2 1
tech-internal/internal/handlers/handlers.go:305.3,306.9 2 1
tech-internal/internal/handlers/handlers.go:308.2,308.33 1 1
tech-internal/internal/handlers/handlers.go:312.2,313.47 2 1
tech-internal/internal/handlers/handlers.go:314.3,316.1 2 1
tech-internal/internal/handlers/handlers.go:318.2,319.18 2 1
tech-internal/internal/handlers/handlers.go:320.3,322.1 2 1
tech-internal/internal/handlers/handlers.go:323.2,324.1 2 1
tech-internal/internal/handlers/handlers.go:325.2,325.60 2 1
tech-internal/internal/handlers/handlers.go:326.3,327.1 1 1
tech-internal/internal/handlers/handlers.go:329.2,330.16 2 1
tech-internal/internal/handlers/handlers.go:331.3,331.45 1 1
tech-internal/internal/handlers/handlers.go:332.4,334.1 2 0
tech-internal/internal/handlers/handlers.go:335.3,336.9 2 1
tech-internal/internal/handlers/handlers.go:339.2,339.18 1 1
tech-internal/internal/handlers/handlers.go:340.3,342.1 2 1
tech-internal/internal/handlers/handlers.go:343.2,343.107 1 1
tech-internal/internal/handlers/handlers.go:344.3,346.1 2 1
tech-internal/internal/handlers/handlers.go:347.2,347.41 1 1
tech-internal/internal/handlers/handlers.go:348.3,349.1 1 1
tech-internal/internal/handlers/handlers.go:351.2,351.23 1 1
tech-internal/internal/handlers/handlers.go:355.2,356.47 2 1
tech-internal/internal/handlers/handlers.go:357.3,359.1 2 1
tech-internal/internal/handlers/handlers.go:361.2,362.18 2 1
tech-internal/internal/handlers/handlers.go:363.3,365.1 2 1
tech-internal/internal/handlers/handlers.go:366.2,367.1 2 1
tech-internal/internal/handlers/handlers.go:368.2,368.58 2 1
tech-internal/internal/handlers/handlers.go:369.3,370.1 1 0
tech-internal/internal/handlers/handlers.go:372.2,373.16 2 1
tech-internal/internal/handlers/handlers.go:374.3,374.45 1 1
tech-internal/internal/handlers/handlers.go:375.4,377.1 2 1
tech-internal/internal/handlers/handlers.go:378.3,379.9 2 1
tech-internal/internal/handlers/handlers.go:381.2,381.18 1 1
tech-internal/internal/handlers/handlers.go:382.3,384.1 2 1
tech-internal/internal/handlers/handlers.go:385.2,385.41 1 1
tech-internal/internal/handlers/handlers.go:386.3,387.1 1 0
tech-internal/internal/handlers/handlers.go:389.2,390.16 2 1
tech-internal/internal/handlers/handlers.go:391.3,393.1 2 0
tech-internal/internal/handlers/handlers.go:395.2,396.16 2 1
tech-internal/internal/handlers/handlers.go:397.3,399.1 2 0
tech-internal/internal/handlers/handlers.go:401.2,401.88 1 1
tech-internal/internal/handlers/handlers.go:402.3,404.1 2 1
tech-internal/internal/handlers/handlers.go:406.2,413.1 2 1
tech-internal/internal/handlers/handlers.go:414.2,414.21 2 1
tech-internal/internal/handlers/handlers.go:415.3,416.1 1 1
tech-internal/internal/handlers/handlers.go:417.2,418.1 3 1
tech-internal/internal/handlers/handlers.go:419.2,422.1 3 1
tech-internal/internal/handlers/handlers.go:423.2,423.21 3 1
tech-internal/internal/handlers/handlers.go:424.3,425.1 1 1
tech-internal/internal/handlers/handlers.go:426.2,426.29 1 1
tech-internal/internal/handlers/handlers.go:430.2,431.47 2 1
tech-internal/internal/handlers/handlers.go:432.3,434.1 2 1
tech-internal/internal/handlers/handlers.go:436.2,437.18 2 1
tech-internal/internal/handlers/handlers.go:438.3,440.1 2 1
tech-internal/internal/handlers/handlers.go:441.2,443.1 3 1
tech-internal/internal/handlers/handlers.go:444.2,444.58 3 1
tech-internal/internal/handlers/handlers.go:445.3,446.1 1 0
tech-internal/internal/handlers/handlers.go:448.2,449.16 2 1
tech-internal/internal/handlers/handlers.go:450.3,452.1 2 1
tech-internal/internal/handlers/handlers.go:453.2,453.18 1 1
tech-internal/internal/handlers/handlers.go:454.3,456.1 2 1
tech-internal/internal/handlers/handlers.go:457.2,457.41 1 1
tech-internal/internal/handlers/handlers.go:458.3,459.1 1 0
tech-internal/internal/handlers/handlers.go:461.2,461.95 1 1
tech-internal/internal/handlers/handlers.go:462.3,462.37 1 1
tech-internal/internal/handlers/handlers.go:463.4,465.1 2 1
tech-internal/internal/handlers/handlers.go:466.3,466.38 1 1
tech-internal/internal/handlers/handlers.go:467.4,469.1 2 1
tech-internal/internal/handlers/handlers.go:470.3,471.9 2 1
tech-internal/internal/handlers/handlers.go:474.2,474.23 1 1
tech-internal/internal/handlers/handlers.go:478.2,480.16 3 1
tech-internal/internal/handlers/handlers.go:481.3,483.1 2 1
tech-internal/internal/handlers/handlers.go:485.2,502.4 1 1
tech-internal/internal/handlers/handlers.go:506.2,511.16 4 1
tech-internal/internal/handlers/handlers.go:512.3,514.1 2 0
tech-internal/internal/handlers/handlers.go:515.2,518.4 1 1
tech-internal/internal/handlers/handlers.go:522.2,524.16 3 1
tech-internal/internal/handlers/handlers.go:525.3,527.1 2 0
tech-internal/internal/handlers/handlers.go:528.2,528.33 1 1
tech-internal/internal/handlers/handlers.go:532.2,533.47 2 1
tech-internal/internal/handlers/handlers.go:534.3,536.1 2 1
tech-internal/internal/handlers/handlers.go:538.2,540.16 3 1
tech-internal/internal/handlers/handlers.go:541.3,543.1 2 1
tech-internal/internal/handlers/handlers.go:545.2,545.34 1 1
tech-internal/internal/handlers/handlers.go:546.3,547.1 1 1
tech-internal/internal/handlers/handlers.go:548.2,548.32 1 1
tech-internal/internal/handlers/handlers.go:549.3,550.1 1 1
tech-internal/internal/handlers/handlers.go:551.2,551.60 1 1
tech-internal/internal/handlers/handlers.go:552.3,554.1 2 1
tech-internal/internal/handlers/handlers.go:556.2,556.72 1 1
tech-internal/internal/handlers/handlers.go:557.3,559.1 2 0
tech-internal/internal/handlers/handlers.go:560.2,560.32 1 1
tech-internal/internal/handlers/handlers.go:564.2,569.16 4 1
tech-internal/internal/handlers/handlers.go:570.3,572.1 2 0
tech-internal/internal/handlers/handlers.go:573.2,576.4 1 1
tech-internal/internal/handlers/handlers.go:580.2,586.96 4 1
tech-internal/internal/handlers/handlers.go:587.3,588.1 1 1
tech-internal/internal/handlers/handlers.go:589.2,589.28 1 1
tech-internal/internal/handlers/handlers.go:590.3,591.1 1 1
tech-internal/internal/handlers/handlers.go:592.2,592.91 1 1
tech-internal/internal/handlers/handlers.go:593.3,594.1 1 1
tech-internal/internal/handlers/handlers.go:595.2,595.26 1 1
tech-internal/internal/handlers/handlers.go:599.2,599.29 1 1
tech-internal/internal/handlers/handlers.go:600.3,600.42 1 1
tech-internal/internal/handlers/handlers.go:601.4,602.1 1 1
tech-internal/internal/handlers/handlers.go:604.2,604.11 1 1
tech-internal/internal/handlers/handlers.go:608.2,613.1 1 1
tech-internal/internal/handlers/handlers.go:617.2,618.47 2 1
tech-internal/internal/handlers/handlers.go:619.3,621.1 2 1
tech-internal/internal/handlers/handlers.go:623.2,625.29 3 1
tech-internal/internal/handlers/handlers.go:626.3,628.1 2 1
tech-internal/internal/handlers/handlers.go:630.2,631.72 2 1
tech-internal/internal/handlers/handlers.go:632.3,634.1 2 1
tech-internal/internal/handlers/handlers.go:636.2,637.16 2 1
tech-internal/internal/handlers/handlers.go:638.3,640.1 2 1
tech-internal/internal/handlers/handlers.go:641.2,641.69 1 1
tech-internal/internal/handlers/handlers.go:642.3,644.1 2 1
tech-internal/internal/handlers/handlers.go:645.2,645.65 1 1
tech-internal/internal/handlers/handlers.go:646.3,648.1 2 1
tech-internal/internal/handlers/handlers.go:650.2,651.38 2 1
tech-internal/internal/handlers/handlers.go:652.3,653.1 1 1
tech-internal/internal/handlers/handlers.go:655.2,656.16 2 1
tech-internal/internal/handlers/handlers.go:657.3,658.1 1 1
tech-internal/internal/handlers/handlers.go:660.2,661.38 2 1
tech-internal/internal/handlers/handlers.go:662.3,662.44 1 1
tech-internal/internal/handlers/handlers.go:663.4,665.1 2 1
tech-internal/internal/handlers/handlers.go:666.3,667.17 2 1
tech-internal/internal/handlers/handlers.go:668.4,670.1 2 0
tech-internal/internal/handlers/handlers.go:671.3,671.23 1 1
tech-internal/internal/handlers/handlers.go:674.2,681.1 2 1
tech-internal/internal/handlers/handlers.go:683.2,683.80 2 1
tech-internal/internal/handlers/handlers.go:684.3,686.1 2 1
tech-internal/internal/handlers/handlers.go:688.2,691.4 1 1
tech-internal/internal/handlers/handlers.go:695.2,696.47 2 1
tech-internal/internal/handlers/handlers.go:697.3,699.1 2 1
tech-internal/internal/handlers/handlers.go:701.2,702.23 2 1
tech-internal/internal/handlers/handlers.go:703.3,705.1 2 1
tech-internal/internal/handlers/handlers.go:707.2,710.1 4 1
tech-internal/internal/handlers/handlers.go:711.2,711.38 4 1
tech-internal/internal/handlers/handlers.go:712.3,714.1 2 1
tech-internal/internal/handlers/handlers.go:715.2,716.1 3 1
tech-internal/internal/handlers/handlers.go:717.2,718.16 3 1
tech-internal/internal/handlers/handlers.go:719.3,719.45 1 1
tech-internal/internal/handlers/handlers.go:720.4,722.1 2 1
tech-internal/internal/handlers/handlers.go:723.3,724.9 2 1
tech-internal/internal/handlers/handlers.go:726.2,726.18 1 1
tech-internal/internal/handlers/handlers.go:727.3,729.1 2 1
tech-internal/internal/handlers/handlers.go:731.2,732.16 2 1
tech-internal/internal/handlers/handlers.go:733.3,735.1 2 0
tech-internal/internal/handlers/handlers.go:737.2,737.115 1 1
tech-internal/internal/handlers/handlers.go:738.3,740.1 2 1
tech-internal/internal/handlers/handlers.go:742.2,742.59 1 1
tech-internal/internal/handlers/handlers.go:746.2,749.1 4 1
tech-internal/internal/handlers/handlers.go:750.2,750.38 4 1
tech-internal/internal/handlers/handlers.go:751.3,752.1 1 1
tech-internal/internal/handlers/handlers.go:753.3,754.1 1 1
tech-internal/internal/handlers/handlers.go:756.2,756.64 1 1
tech-internal/internal/handlers/handlers.go:757.3,759.1 2 1
tech-internal/internal/handlers/handlers.go:761.2,764.9 2 1
tech-internal/internal/handlers/handlers.go:766.3,766.58 1 1
tech-internal/internal/handlers/handlers.go:770.3,770.64 1 1
tech-internal/internal/handlers/handlers.go:772.3,772.59 1 1
tech-internal/internal/handlers/handlers.go:774.3,774.82 1 1
tech-internal/internal/handlers/handlers.go:778.54,778.103 2 1
tech-internal/internal/handlers/handlers.go:779.54,779.104 2 1
tech-internal/internal/handlers/handlers.go:780.54,780.103 2 1
tech-internal/internal/handlers/handlers.go:781.54,781.104 2 1
tech-internal/internal/handlers/handlers.go:784.2,784.43 1 1
tech-internal/internal/handlers/handlers.go:785.3,786.1 1 1
tech-internal/internal/handlers/handlers.go:787.2,787.51 1 1
tech-internal/internal/handlers/handlers.go:791.2,791.21 1 1
tech-internal/internal/handlers/handlers.go:792.3,793.1 1 1
tech-internal/internal/handlers/handlers.go:794.2,795.21 2 1
tech-internal/internal/handlers/handlers.go:796.3,797.1 1 1
tech-internal/internal/handlers/handlers.go:798.2,799.34 2 1
tech-internal/internal/handlers/handlers.go:800.3,800.34 1 1
tech-internal/internal/handlers/handlers.go:801.4,802.9 2 1
tech-internal/internal/handlers/handlers.go:805.2,805.38 1 1
tech-internal/internal/handlers/handlers.go:806.3,808.1 2 1
tech-internal/internal/handlers/handlers.go:809.2,809.38 1 1
tech-internal/internal/handlers/handlers.go:810.3,812.1 2 1
tech-internal/internal/handlers/handlers.go:813.2,813.51 1 1
tech-internal/internal/handlers/handlers.go:814.3,816.1 2 1
tech-internal/internal/handlers/handlers.go:817.2,817.13 1 1
tech-internal/internal/handlers/handlers.go:821.2,822.34 2 1
tech-internal/internal/handlers/handlers.go:823.3,824.1 1 1
tech-internal/internal/handlers/handlers.go:825.2,827.16 3 1
tech-internal/internal/handlers/handlers.go:828.3,830.1 2 1
tech-internal/internal/handlers/handlers.go:831.2,831.110 1 1
tech-internal/internal/handlers/handlers.go:835.2,836.34 2 1
tech-internal/internal/handlers/handlers.go:837.3,838.1 1 0
tech-internal/internal/handlers/handlers.go:839.2,840.47 2 1
tech-internal/internal/handlers/handlers.go:841.3,843.1 2 1
tech-internal/internal/handlers/handlers.go:844.2,845.73 2 1
tech-internal/internal/handlers/handlers.go:846.3,846.28 1 1
tech-internal/internal/handlers/handlers.go:847.4,849.1 2 1
tech-internal/internal/handlers/handlers.go:850.3,851.17 2 1
tech-internal/internal/handlers/handlers.go:852.4,854.1 2 0
tech-internal/internal/handlers/handlers.go:855.3,855.133 1 1
tech-internal/internal/handlers/handlers.go:857.2,857.56 1 1
tech-internal/internal/handlers/handlers.go:858.3,859.1 1 1
tech-internal/internal/handlers/handlers.go:860.2,860.33 1 1
tech-internal/internal/handlers/handlers.go:861.3,863.1 2 1
tech-internal/internal/handlers/handlers.go:864.2,864.94 1 1
tech-internal/internal/handlers/handlers.go:865.3,865.45 1 1
tech-internal/internal/handlers/handlers.go:866.4,868.1 2 1
tech-internal/internal/handlers/handlers.go:869.3,869.52 1 1
tech-internal/internal/handlers/handlers.go:870.4,872.1 2 1
tech-internal/internal/handlers/handlers.go:873.3,874.9 2 1
tech-internal/internal/handlers/handlers.go:876.2,877.16 2 1
tech-internal/internal/handlers/handlers.go:878.3,879.1 1 1
tech-internal/internal/handlers/handlers.go:880.2,880.82 1 1
tech-internal/internal/handlers/handlers.go:884.2,885.34 2 1
tech-internal/internal/handlers/handlers.go:886.3,887.1 1 0
tech-internal/internal/handlers/handlers.go:888.2,889.47 2 1
tech-internal/internal/handlers/handlers.go:890.3,892.1 2 0
tech-internal/internal/handlers/handlers.go:893.2,894.44 2 1
tech-internal/internal/handlers/handlers.go:895.3,897.1 2 1
tech-internal/internal/handlers/handlers.go:898.2,898.45 1 1
tech-internal/internal/handlers/handlers.go:899.3,901.1 2 1
tech-internal/internal/handlers/handlers.go:902.2,902.16 1 1
tech-internal/internal/handlers/handlers.go:903.3,905.50 1 1
tech-internal/internal/handlers/handlers.go:906.4,907.1 1 1
tech-internal/internal/handlers/handlers.go:908.4,909.1 1 1
tech-internal/internal/handlers/handlers.go:910.3,910.9 1 1
tech-internal/internal/handlers/handlers.go:912.2,913.48 2 1
tech-internal/internal/handlers/handlers.go:917.2,918.34 2 1
tech-internal/internal/handlers/handlers.go:919.3,920.1 1 0
tech-internal/internal/handlers/handlers.go:921.2,921.43 1 1
tech-internal/internal/handlers/handlers.go:922.3,924.1 2 1
tech-internal/internal/handlers/handlers.go:925.2,926.44 2 1
tech-internal/internal/handlers/handlers.go:927.3,929.1 2 1
tech-internal/internal/handlers/handlers.go:930.2,930.45 1 1
tech-internal/internal/handlers/handlers.go:931.3,933.1 2 1
tech-internal/internal/handlers/handlers.go:934.2,934.16 1 1
tech-internal/internal/handlers/handlers.go:935.3,937.1 2 1
tech-internal/internal/handlers/handlers.go:938.2,938.32 1 1
tech-internal/internal/handlers/handlers.go:942.2,943.34 2 1
tech-internal/internal/handlers/handlers.go:944.3,945.1 1 0
tech-internal/internal/handlers/handlers.go:946.2,950.16 3 1
tech-internal/internal/handlers/handlers.go:951.3,953.1 2 1
tech-internal/internal/handlers/handlers.go:954.2,957.4 1 1
tech-internal/internal/handlers/handlers.go:961.2,962.34 2 1
tech-internal/internal/handlers/handlers.go:963.3,964.1 1 0
tech-internal/internal/handlers/handlers.go:965.2,966.47 2 1
tech-internal/internal/handlers/handlers.go:967.3,969.1 2 1
tech-internal/internal/handlers/handlers.go:970.2,972.44 3 1
tech-internal/internal/handlers/handlers.go:973.3,975.1 2 1
tech-internal/internal/handlers/handlers.go:976.2,976.16 1 1
tech-internal/internal/handlers/handlers.go:977.3,977.58 1 1
tech-internal/internal/handlers/handlers.go:978.4,979.1 1 1
tech-internal/internal/handlers/handlers.go:980.4,981.1 1 1
tech-internal/internal/handlers/handlers.go:982.3,982.9 1 1
tech-internal/internal/handlers/handlers.go:984.2,984.49 1 1
tech-internal/internal/handlers/handlers.go:988.2,989.45 2 1
tech-internal/internal/handlers/handlers.go:990.3,992.1 2 1
tech-internal/internal/handlers/handlers.go:993.2,993.13 1 1
tech-internal/internal/handlers/handlers.go:997.2,998.47 2 1
tech-internal/internal/handlers/handlers.go:999.3,1001.1 2 1
tech-internal/internal/handlers/handlers.go:1003.2,1005.19 3 1
tech-internal/internal/handlers/handlers.go:1006.3,1007.1 1 1
tech-internal/internal/handlers/handlers.go:1009.2,1017.1 2 1
tech-internal/internal/handlers/handlers.go:1019.2,1019.65 2 1
tech-internal/internal/handlers/handlers.go:1020.3,1022.1 2 1
tech-internal/internal/handlers/handlers.go:1023.2,1023.73 1 1
tech-internal/internal/handlers/handlers.go:1027.2,1028.63 2 1
tech-internal/internal/handlers/handlers.go:1029.3,1029.45 1 1
tech-internal/internal/handlers/handlers.go:1030.4,1032.1 2 1
tech-internal/internal/handlers/handlers.go:1033.3,1034.9 2 1
tech-internal/internal/handlers/handlers.go:1036.2,1036.56 1 1
tech-internal/internal/handlers/handlers.go:1040.2,1041.16 2 1
tech-internal/internal/handlers/handlers.go:1042.3,1042.45 1 1
tech-internal/internal/handlers/handlers.go:1043.4,1045.1 2 1
tech-internal/internal/handlers/handlers.go:1046.3,1047.15 2 1
tech-internal/internal/handlers/handlers.go:1050.2,1050.69 1 1
tech-internal/internal/handlers/handlers.go:1051.3,1053.1 2 1
tech-internal/internal/handlers/handlers.go:1054.2,1054.65 1 1
tech-internal/internal/handlers/handlers.go:1055.3,1057.1 2 0
tech-internal/internal/handlers/handlers.go:1058.2,1058.13 1 1
tech-internal/internal/handlers/handlers.go:1062.2,1063.16 2 1
tech-internal/internal/handlers/handlers.go:1064.3,1066.1 2 0
tech-internal/internal/handlers/handlers.go:1067.2,1067.29 1 1
tech-internal/internal/handlers/handlers.go:1075.2,1076.16 2 1
tech-internal/internal/handlers/handlers.go:1077.3,1078.1 1 0
tech-internal/internal/handlers/handlers.go:1079.2,1085.16 1 1
tech-internal/internal/handlers/handlers.go:1086.3,1087.1 1 0
tech-internal/internal/handlers/handlers.go:1088.2,1088.53 1 1
tech-internal/internal/handlers/handlers.go:1092.2,1093.37 2 1
tech-internal/internal/handlers/handlers.go:1094.3,1095.1 1 1
tech-internal/internal/handlers/handlers.go:1096.2,1107.1 1 1
tech-internal/internal/handlers/handlers.go:1115.2,1138.1 1 1
tech-internal/cmd/server/main.go:29.2,33.16 5 0
tech-internal/cmd/server/main.go:34.3,35.1 1 0
tech-internal/cmd/server/main.go:36.2,37.1 5 0
tech-internal/cmd/server/main.go:38.2,41.51 5 0
tech-internal/cmd/server/main.go:41.53,41.82 1 0
tech-internal/cmd/server/main.go:45.2,52.1 2 1
tech-internal/cmd/server/main.go:54.2,54.12 2 1
tech-internal/cmd/server/main.go:55.3,59.68 2 1
tech-internal/cmd/server/main.go:60.4,61.1 1 0
tech-internal/cmd/server/main.go:64.2,65.1 5 1
tech-internal/cmd/server/main.go:66.2,69.50 5 1
tech-internal/cmd/server/main.go:70.3,71.1 1 0
tech-internal/cmd/server/main.go:72.3,73.1 1 1
tech-internal/cmd/server/main.go:92.2,94.82 1 1
tech-internal/cmd/server/main.go:95.4,96.1 1 0
tech-internal/cmd/server/main.go:98.4,99.1 1 0
tech-internal/cmd/server/main.go:106.2,107.21 2 1
tech-internal/cmd/server/main.go:108.3,109.1 1 1
tech-internal/cmd/server/main.go:110.2,111.16 2 1
tech-internal/cmd/server/main.go:112.3,114.1 2 1
tech-internal/cmd/server/main.go:115.2,115.89 1 1
tech-internal/cmd/server/main.go:116.3,119.1 3 1
tech-internal/cmd/server/main.go:120.2,121.16 2 1
tech-internal/cmd/server/main.go:122.3,125.1 3 1
tech-internal/cmd/server/main.go:126.2,127.92 2 1
tech-internal/cmd/server/main.go:128.3,132.1 4 1
tech-internal/cmd/server/main.go:133.2,147.17 11 1
tech-internal/cmd/server/main.go:148.4,152.55 5 1
tech-internal/cmd/server/main.go:153.5,154.1 1 0
tech-internal/cmd/server/main.go:160.2,171.1 6 1
tech-internal/cmd/server/main.go:172.2,173.1 6 1
tech-internal/cmd/server/main.go:174.3,186.1 15 1
tech-internal/cmd/server/main.go:187.3,189.1 15 1
tech-internal/cmd/server/main.go:190.4,192.1 2 1
tech-internal/cmd/server/main.go:194.3,196.1 3 1
tech-internal/cmd/server/main.go:197.4,199.1 5 1
tech-internal/cmd/server/main.go:200.4,202.1 5 1
tech-internal/cmd/server/main.go:203.5,211.1 8 1
tech-internal/cmd/server/main.go:215.2,217.1 3 1
tech-internal/cmd/server/main.go:218.3,219.1 2 1
tech-internal/cmd/server/main.go:220.4,222.1 3 1
tech-internal/cmd/server/main.go:223.5,227.1 4 1
tech-internal/cmd/server/main.go:228.4,230.1 3 1
tech-internal/cmd/server/main.go:231.5,233.1 2 1
tech-internal/cmd/server/main.go:237.2,237.34 1 1
tech-internal/cmd/server/main.go:238.3,242.1 1 1
tech-internal/cmd/server/main.go:243.2,243.33 1 1
tech-internal/cmd/server/main.go:244.3,245.1 1 1
tech-internal/cmd/server/main.go:246.2,246.10 1 1
tech-internal/cmd/server/main.go:260.2,265.1 3 1
tech-internal/cmd/server/main.go:266.2,267.16 3 1
tech-internal/cmd/server/main.go:268.3,268.45 1 1
tech-internal/cmd/server/main.go:269.4,270.1 1 1
tech-internal/cmd/server/main.go:271.3,271.13 1 1
tech-internal/cmd/server/main.go:273.2,273.70 1 1
tech-internal/cmd/server/main.go:274.3,275.1 1 1
tech-internal/cmd/server/main.go:277.2,278.16 2 1
tech-internal/cmd/server/main.go:279.3,280.1 1 1
tech-internal/cmd/server/main.go:281.2,281.73 1 1
tech-internal/cmd/server/main.go:285.2,285.34 1 1
tech-internal/cmd/server/main.go:286.3,287.1 1 1
tech-internal/cmd/server/main.go:288.2,288.17 1 1
